2024-12-02 21:32:23,546: Logging to /home/ame805/neuralhydrology_fork/camels_spat_scripts/experiment_scripts/runs/663_espinoza22_lstm_multi_3dyn22static_777_241202_213223/output.log initialized.
2024-12-02 21:32:23,547: ### Folder structure created at /home/ame805/neuralhydrology_fork/camels_spat_scripts/experiment_scripts/runs/663_espinoza22_lstm_multi_3dyn22static_777_241202_213223
2024-12-02 21:32:23,547: ### Run configurations for 663_espinoza22_lstm_multi_3dyn22static_777
2024-12-02 21:32:23,547: batch_size: 256
2024-12-02 21:32:23,547: clip_gradient_norm: 1
2024-12-02 21:32:23,547: clip_targets_to_zero: ['discharge_spec']
2024-12-02 21:32:23,547: data_dir: ../../../../../gladwell/hydrology/SUMMA/summa-ml-models/CAMELS_GB
2024-12-02 21:32:23,547: dataset: camels_gb
2024-12-02 21:32:23,547: device: cuda:1
2024-12-02 21:32:23,547: dynamic_inputs: ['precipitation', 'temperature', 'pet', 'shortwave_rad']
2024-12-02 21:32:23,547: epochs: 30
2024-12-02 21:32:23,547: experiment_name: 663_espinoza22_lstm_multi_3dyn22static_777
2024-12-02 21:32:23,547: head: regression
2024-12-02 21:32:23,547: hidden_size: [256]
2024-12-02 21:32:23,547: initial_forget_bias: 5
2024-12-02 21:32:23,547: learning_rate: {0: 0.001, 11: 0.0005, 21: 1e-05}
2024-12-02 21:32:23,547: log_interval: 5
2024-12-02 21:32:23,547: log_n_figures: 2
2024-12-02 21:32:23,547: log_tensorboard: True
2024-12-02 21:32:23,547: loss: NSE
2024-12-02 21:32:23,547: metrics: ['NSE', 'Alpha-NSE', 'Beta-NSE', 'FHV', 'FMS', 'FLV', 'KGE', 'Beta-KGE', 'Peak-Timing', 'Peak-MAPE', 'Pearson-r']
2024-12-02 21:32:23,547: model: cudalstm
2024-12-02 21:32:23,547: num_workers: 16
2024-12-02 21:32:23,547: optimizer: Adam
2024-12-02 21:32:23,547: output_activation: linear
2024-12-02 21:32:23,547: output_dropout: 0.4
2024-12-02 21:32:23,547: predict_last_n: 1
2024-12-02 21:32:23,547: save_weights_every: 5
2024-12-02 21:32:23,547: seed: 777
2024-12-02 21:32:23,547: seq_length: 270
2024-12-02 21:32:23,548: static_attributes: ['area', 'elev_mean', 'dpsbar', 'sand_perc', 'silt_perc', 'clay_perc', 'porosity_hypres', 'conductivity_hypres', 'soil_depth_pelletier', 'frac_snow', 'dwood_perc', 'ewood_perc', 'crop_perc', 'urban_perc', 'reservoir_cap', 'p_mean', 'pet_mean', 'p_seasonality', 'high_prec_freq', 'high_prec_dur', 'low_prec_freq', 'low_prec_dur']
2024-12-02 21:32:23,548: target_variables: ['discharge_vol']
2024-12-02 21:32:23,548: test_basin_file: 663_basin_camels-gb.txt
2024-12-02 21:32:23,548: test_end_date: 2008-12-31 00:00:00
2024-12-02 21:32:23,548: test_start_date: 1998-01-01 00:00:00
2024-12-02 21:32:23,548: train_basin_file: 663_basin_camels-gb.txt
2024-12-02 21:32:23,548: train_end_date: 1997-12-31 00:00:00
2024-12-02 21:32:23,548: train_start_date: 1980-10-01 00:00:00
2024-12-02 21:32:23,548: validate_every: 5
2024-12-02 21:32:23,548: validate_n_random_basins: 5
2024-12-02 21:32:23,548: validation_basin_file: 663_basin_camels-gb.txt
2024-12-02 21:32:23,548: validation_end_date: 1980-09-30 00:00:00
2024-12-02 21:32:23,548: validation_start_date: 1975-10-01 00:00:00
2024-12-02 21:32:23,548: number_of_basins: 663
2024-12-02 21:32:23,548: run_dir: /home/ame805/neuralhydrology_fork/camels_spat_scripts/experiment_scripts/runs/663_espinoza22_lstm_multi_3dyn22static_777_241202_213223
2024-12-02 21:32:23,548: train_dir: /home/ame805/neuralhydrology_fork/camels_spat_scripts/experiment_scripts/runs/663_espinoza22_lstm_multi_3dyn22static_777_241202_213223/train_data
2024-12-02 21:32:23,548: img_log_dir: /home/ame805/neuralhydrology_fork/camels_spat_scripts/experiment_scripts/runs/663_espinoza22_lstm_multi_3dyn22static_777_241202_213223/img_log
2024-12-02 21:32:23,573: ### Device cuda:1 will be used for training
2024-12-02 21:32:23,916: Loading basin data into xarray data set.
2024-12-02 21:32:49,406: Calculating target variable stds per basin
2024-12-02 21:32:50,307: Create lookup table and convert to pytorch tensor
2024-12-02 21:41:40,635: Epoch 1 average loss: avg_loss: 0.00211, avg_total_loss: 0.00211
2024-12-02 21:49:45,688: Epoch 2 average loss: avg_loss: 0.00059, avg_total_loss: 0.00059
2024-12-02 21:57:59,115: Epoch 3 average loss: avg_loss: 0.00040, avg_total_loss: 0.00040
2024-12-02 22:06:12,176: Epoch 4 average loss: avg_loss: 0.00032, avg_total_loss: 0.00032
2024-12-02 22:14:35,978: Epoch 5 average loss: avg_loss: 0.00069, avg_total_loss: 0.00069
2024-12-02 22:14:38,444: Epoch 5 average validation loss: 0.00029 -- Median validation metrics: avg_loss: 0.00029, NSE: 0.83747, Alpha-NSE: 1.02668, Beta-NSE: 0.02217, FHV: -6.26167, FMS: 21.60617, FLV: 13.19831, KGE: 0.88413, Beta-KGE: 1.03107, Peak-Timing: 0.37500, Peak-MAPE: 31.78874, Pearson-r: 0.91870
2024-12-02 22:23:02,930: Epoch 6 average loss: avg_loss: 0.00055, avg_total_loss: 0.00055
2024-12-02 22:31:15,447: Epoch 7 average loss: avg_loss: 0.00030, avg_total_loss: 0.00030
2024-12-02 22:39:36,873: Epoch 8 average loss: avg_loss: 0.00026, avg_total_loss: 0.00026
2024-12-02 22:47:55,763: Epoch 9 average loss: avg_loss: 0.00025, avg_total_loss: 0.00025
2024-12-02 22:56:19,920: Epoch 10 average loss: avg_loss: 0.00024, avg_total_loss: 0.00024
2024-12-02 22:56:20,015: The following basins had not enough valid target values to calculate a standard deviation: 27080. NSE loss values for this basin will be NaN.
2024-12-02 22:56:20,510: The following basins had not enough valid target values to calculate a standard deviation: 26005. NSE loss values for this basin will be NaN.
2024-12-02 22:56:21,553: The following basins had not enough valid target values to calculate a standard deviation: 27084. NSE loss values for this basin will be NaN.
2024-12-02 22:56:22,782: Epoch 10 average validation loss: 0.00052 -- Median validation metrics: avg_loss: 0.00052, NSE: 0.49576, Alpha-NSE: 1.07050, Beta-NSE: 0.37028, FHV: 5.77344, FMS: -20.46418, FLV: -38.63523, KGE: 0.59569, Beta-KGE: 1.30054, Peak-Timing: 0.05556, Peak-MAPE: 14.50354, Pearson-r: 0.92059
2024-12-02 22:56:22,782: Setting learning rate to 0.0005
2024-12-02 23:04:39,498: Epoch 11 average loss: avg_loss: 0.00021, avg_total_loss: 0.00021
2024-12-02 23:12:59,341: Epoch 12 average loss: avg_loss: 0.00020, avg_total_loss: 0.00020
2024-12-02 23:21:22,380: Epoch 13 average loss: avg_loss: 0.00020, avg_total_loss: 0.00020
2024-12-02 23:29:39,323: Epoch 14 average loss: avg_loss: 0.00019, avg_total_loss: 0.00019
2024-12-02 23:37:55,415: Epoch 15 average loss: avg_loss: 0.00019, avg_total_loss: 0.00019
2024-12-02 23:37:55,517: The following basins had not enough valid target values to calculate a standard deviation: 4005. NSE loss values for this basin will be NaN.
2024-12-02 23:37:58,114: Epoch 15 average validation loss: 0.00030 -- Median validation metrics: avg_loss: 0.00030, NSE: 0.86468, Alpha-NSE: 0.86197, Beta-NSE: -0.03231, FHV: -15.16064, FMS: 1.23719, FLV: 2.16147, KGE: 0.82933, Beta-KGE: 0.95660, Peak-Timing: 0.28333, Peak-MAPE: 26.51862, Pearson-r: 0.93441
2024-12-02 23:46:17,567: Epoch 16 average loss: avg_loss: 0.00019, avg_total_loss: 0.00019
2024-12-02 23:54:39,566: Epoch 17 average loss: avg_loss: 0.00019, avg_total_loss: 0.00019
2024-12-03 00:02:59,406: Epoch 18 average loss: avg_loss: 0.00018, avg_total_loss: 0.00018
2024-12-03 00:11:23,200: Epoch 19 average loss: avg_loss: 0.00018, avg_total_loss: 0.00018
2024-12-03 00:19:34,171: Epoch 20 average loss: avg_loss: 0.00018, avg_total_loss: 0.00018
2024-12-03 00:19:34,272: The following basins had not enough valid target values to calculate a standard deviation: 39125. NSE loss values for this basin will be NaN.
2024-12-03 00:19:36,638: Epoch 20 average validation loss: 0.00017 -- Median validation metrics: avg_loss: 0.00017, NSE: 0.89384, Alpha-NSE: 0.90130, Beta-NSE: 0.03986, FHV: -11.61960, FMS: -8.61639, FLV: 24.67000, KGE: 0.84782, Beta-KGE: 1.06881, Peak-Timing: 0.21111, Peak-MAPE: 18.31626, Pearson-r: 0.95176
2024-12-03 00:19:36,638: Setting learning rate to 1e-05
2024-12-03 00:28:00,348: Epoch 21 average loss: avg_loss: 0.00016, avg_total_loss: 0.00016
2024-12-03 00:36:24,563: Epoch 22 average loss: avg_loss: 0.00016, avg_total_loss: 0.00016
2024-12-03 00:44:45,955: Epoch 23 average loss: avg_loss: 0.00016, avg_total_loss: 0.00016
2024-12-03 00:53:08,750: Epoch 24 average loss: avg_loss: 0.00016, avg_total_loss: 0.00016
2024-12-03 01:01:20,090: Epoch 25 average loss: avg_loss: 0.00016, avg_total_loss: 0.00016
2024-12-03 01:01:21,287: The following basins had not enough valid target values to calculate a standard deviation: 15024. NSE loss values for this basin will be NaN.
2024-12-03 01:01:22,819: Epoch 25 average validation loss: 0.00018 -- Median validation metrics: avg_loss: 0.00018, NSE: 0.88509, Alpha-NSE: 0.96438, Beta-NSE: 0.01850, FHV: -4.57721, FMS: 1.62272, FLV: 8.16664, KGE: 0.92570, Beta-KGE: 1.01824, Peak-Timing: 0.20202, Peak-MAPE: 22.88464, Pearson-r: 0.94160
2024-12-03 01:09:41,709: Epoch 26 average loss: avg_loss: 0.00016, avg_total_loss: 0.00016
2024-12-03 01:18:05,164: Epoch 27 average loss: avg_loss: 0.00016, avg_total_loss: 0.00016
2024-12-03 01:26:27,707: Epoch 28 average loss: avg_loss: 0.00016, avg_total_loss: 0.00016
2024-12-03 01:34:52,125: Epoch 29 average loss: avg_loss: 0.00016, avg_total_loss: 0.00016
2024-12-03 01:43:17,633: Epoch 30 average loss: avg_loss: 0.00016, avg_total_loss: 0.00016
2024-12-03 01:43:19,705: Epoch 30 average validation loss: 0.00027 -- Median validation metrics: avg_loss: 0.00027, NSE: 0.80295, Alpha-NSE: 0.94582, Beta-NSE: 0.00847, FHV: -7.13631, FMS: -5.32132, FLV: 15.79391, KGE: 0.83784, Beta-KGE: 1.01085, Peak-Timing: 0.20000, Peak-MAPE: 24.02981, Pearson-r: 0.89793
2024-12-03 01:43:20,534: Using the model weights from runs/663_espinoza22_lstm_multi_3dyn22static_777_241202_213223/model_epoch030.pt
2024-12-03 01:43:44,774: The following basins had not enough valid target values to calculate a standard deviation: 18017. NSE loss values for this basin will be NaN.
2024-12-03 01:43:45,696: The following basins had not enough valid target values to calculate a standard deviation: 18018. NSE loss values for this basin will be NaN.
2024-12-03 01:48:12,588: Stored metrics at runs/663_espinoza22_lstm_multi_3dyn22static_777_241202_213223/test/model_epoch030/test_metrics_seed777.csv
2024-12-03 01:48:12,833: Stored results at runs/663_espinoza22_lstm_multi_3dyn22static_777_241202_213223/test/model_epoch030/test_results.p
2024-12-03 01:48:12,849: Logging to /home/ame805/neuralhydrology_fork/camels_spat_scripts/experiment_scripts/runs/663_espinoza22_lstm_multi_3dyn22static_888_241203_014812/output.log initialized.
2024-12-03 01:48:12,849: ### Folder structure created at /home/ame805/neuralhydrology_fork/camels_spat_scripts/experiment_scripts/runs/663_espinoza22_lstm_multi_3dyn22static_888_241203_014812
2024-12-03 01:48:12,850: ### Run configurations for 663_espinoza22_lstm_multi_3dyn22static_888
2024-12-03 01:48:12,850: batch_size: 256
2024-12-03 01:48:12,850: clip_gradient_norm: 1
2024-12-03 01:48:12,850: clip_targets_to_zero: ['discharge_spec']
2024-12-03 01:48:12,850: data_dir: ../../../../../gladwell/hydrology/SUMMA/summa-ml-models/CAMELS_GB
2024-12-03 01:48:12,850: dataset: camels_gb
2024-12-03 01:48:12,850: device: cuda:1
2024-12-03 01:48:12,850: dynamic_inputs: ['precipitation', 'temperature', 'pet', 'shortwave_rad']
2024-12-03 01:48:12,850: epochs: 30
2024-12-03 01:48:12,850: experiment_name: 663_espinoza22_lstm_multi_3dyn22static_888
2024-12-03 01:48:12,850: head: regression
2024-12-03 01:48:12,850: hidden_size: [256]
2024-12-03 01:48:12,850: initial_forget_bias: 5
2024-12-03 01:48:12,850: learning_rate: {0: 0.001, 11: 0.0005, 21: 1e-05}
2024-12-03 01:48:12,850: log_interval: 5
2024-12-03 01:48:12,850: log_n_figures: 2
2024-12-03 01:48:12,850: log_tensorboard: True
2024-12-03 01:48:12,850: loss: NSE
2024-12-03 01:48:12,850: metrics: ['NSE', 'Alpha-NSE', 'Beta-NSE', 'FHV', 'FMS', 'FLV', 'KGE', 'Beta-KGE', 'Peak-Timing', 'Peak-MAPE', 'Pearson-r']
2024-12-03 01:48:12,850: model: cudalstm
2024-12-03 01:48:12,850: num_workers: 16
2024-12-03 01:48:12,850: optimizer: Adam
2024-12-03 01:48:12,850: output_activation: linear
2024-12-03 01:48:12,850: output_dropout: 0.4
2024-12-03 01:48:12,850: predict_last_n: 1
2024-12-03 01:48:12,850: save_weights_every: 5
2024-12-03 01:48:12,850: seed: 888
2024-12-03 01:48:12,850: seq_length: 270
2024-12-03 01:48:12,850: static_attributes: ['area', 'elev_mean', 'dpsbar', 'sand_perc', 'silt_perc', 'clay_perc', 'porosity_hypres', 'conductivity_hypres', 'soil_depth_pelletier', 'frac_snow', 'dwood_perc', 'ewood_perc', 'crop_perc', 'urban_perc', 'reservoir_cap', 'p_mean', 'pet_mean', 'p_seasonality', 'high_prec_freq', 'high_prec_dur', 'low_prec_freq', 'low_prec_dur']
2024-12-03 01:48:12,850: target_variables: ['discharge_vol']
2024-12-03 01:48:12,851: test_basin_file: 663_basin_camels-gb.txt
2024-12-03 01:48:12,851: test_end_date: 2008-12-31 00:00:00
2024-12-03 01:48:12,851: test_start_date: 1998-01-01 00:00:00
2024-12-03 01:48:12,851: train_basin_file: 663_basin_camels-gb.txt
2024-12-03 01:48:12,851: train_end_date: 1997-12-31 00:00:00
2024-12-03 01:48:12,851: train_start_date: 1980-10-01 00:00:00
2024-12-03 01:48:12,851: validate_every: 5
2024-12-03 01:48:12,851: validate_n_random_basins: 5
2024-12-03 01:48:12,851: validation_basin_file: 663_basin_camels-gb.txt
2024-12-03 01:48:12,851: validation_end_date: 1980-09-30 00:00:00
2024-12-03 01:48:12,851: validation_start_date: 1975-10-01 00:00:00
2024-12-03 01:48:12,851: number_of_basins: 663
2024-12-03 01:48:12,851: run_dir: /home/ame805/neuralhydrology_fork/camels_spat_scripts/experiment_scripts/runs/663_espinoza22_lstm_multi_3dyn22static_888_241203_014812
2024-12-03 01:48:12,851: train_dir: /home/ame805/neuralhydrology_fork/camels_spat_scripts/experiment_scripts/runs/663_espinoza22_lstm_multi_3dyn22static_888_241203_014812/train_data
2024-12-03 01:48:12,851: img_log_dir: /home/ame805/neuralhydrology_fork/camels_spat_scripts/experiment_scripts/runs/663_espinoza22_lstm_multi_3dyn22static_888_241203_014812/img_log
2024-12-03 01:48:12,851: ### Device cuda:1 will be used for training
2024-12-03 01:48:13,142: Loading basin data into xarray data set.
2024-12-03 01:48:35,353: Calculating target variable stds per basin
2024-12-03 01:48:36,082: Create lookup table and convert to pytorch tensor
2024-12-03 01:57:22,100: Epoch 1 average loss: avg_loss: 0.00176, avg_total_loss: 0.00176
2024-12-03 02:05:44,924: Epoch 2 average loss: avg_loss: 0.00066, avg_total_loss: 0.00066
2024-12-03 02:14:06,284: Epoch 3 average loss: avg_loss: 0.00034, avg_total_loss: 0.00034
2024-12-03 02:22:20,922: Epoch 4 average loss: avg_loss: 0.00035, avg_total_loss: 0.00035
2024-12-03 02:30:39,314: Epoch 5 average loss: avg_loss: 0.00073, avg_total_loss: 0.00073
2024-12-03 02:30:39,417: The following basins had not enough valid target values to calculate a standard deviation: 69043. NSE loss values for this basin will be NaN.
2024-12-03 02:30:41,708: Epoch 5 average validation loss: 0.00038 -- Median validation metrics: avg_loss: 0.00038, NSE: 0.83077, Alpha-NSE: 0.86287, Beta-NSE: -0.04703, FHV: -15.94296, FMS: -1.84963, FLV: -44.31179, KGE: 0.82795, Beta-KGE: 0.94041, Peak-Timing: 0.91111, Peak-MAPE: 30.99738, Pearson-r: 0.92558
2024-12-03 02:39:02,139: Epoch 6 average loss: avg_loss: 0.00054, avg_total_loss: 0.00054
2024-12-03 02:47:19,068: Epoch 7 average loss: avg_loss: 0.00040, avg_total_loss: 0.00040
2024-12-03 02:55:26,605: Epoch 8 average loss: avg_loss: 0.00027, avg_total_loss: 0.00027
2024-12-03 03:03:48,419: Epoch 9 average loss: avg_loss: 0.00028, avg_total_loss: 0.00028
2024-12-03 03:12:06,946: Epoch 10 average loss: avg_loss: 0.00024, avg_total_loss: 0.00024
2024-12-03 03:12:09,080: Epoch 10 average validation loss: 0.00015 -- Median validation metrics: avg_loss: 0.00015, NSE: 0.92172, Alpha-NSE: 0.98399, Beta-NSE: -0.01821, FHV: -5.34456, FMS: 5.04393, FLV: 14.67807, KGE: 0.92955, Beta-KGE: 0.98061, Peak-Timing: 0.25000, Peak-MAPE: 18.90689, Pearson-r: 0.96131
2024-12-03 03:12:09,080: Setting learning rate to 0.0005
2024-12-03 03:20:24,965: Epoch 11 average loss: avg_loss: 0.00021, avg_total_loss: 0.00021
2024-12-03 03:28:47,699: Epoch 12 average loss: avg_loss: 0.00020, avg_total_loss: 0.00020
2024-12-03 03:37:12,778: Epoch 13 average loss: avg_loss: 0.00019, avg_total_loss: 0.00019
2024-12-03 03:45:36,076: Epoch 14 average loss: avg_loss: 0.00019, avg_total_loss: 0.00019
2024-12-03 03:53:54,373: Epoch 15 average loss: avg_loss: 0.00019, avg_total_loss: 0.00019
2024-12-03 03:53:56,528: Epoch 15 average validation loss: 0.00018 -- Median validation metrics: avg_loss: 0.00018, NSE: 0.86780, Alpha-NSE: 1.04067, Beta-NSE: 0.04334, FHV: 2.50704, FMS: -0.20219, FLV: -15.20506, KGE: 0.90674, Beta-KGE: 1.03835, Peak-Timing: 0.09091, Peak-MAPE: 20.24440, Pearson-r: 0.93829
2024-12-03 04:02:11,691: Epoch 16 average loss: avg_loss: 0.00019, avg_total_loss: 0.00019
2024-12-03 04:10:31,208: Epoch 17 average loss: avg_loss: 0.00018, avg_total_loss: 0.00018
2024-12-03 04:18:44,185: Epoch 18 average loss: avg_loss: 0.00018, avg_total_loss: 0.00018
2024-12-03 04:27:08,424: Epoch 19 average loss: avg_loss: 0.00018, avg_total_loss: 0.00018
2024-12-03 04:35:23,497: Epoch 20 average loss: avg_loss: 0.00028, avg_total_loss: 0.00028
2024-12-03 04:35:23,864: The following basins had not enough valid target values to calculate a standard deviation: 13008. NSE loss values for this basin will be NaN.
2024-12-03 04:35:25,966: Epoch 20 average validation loss: 0.00028 -- Median validation metrics: avg_loss: 0.00028, NSE: 0.89634, Alpha-NSE: 0.97389, Beta-NSE: -0.03763, FHV: -5.61929, FMS: 6.12950, FLV: 13.79724, KGE: 0.89777, Beta-KGE: 0.96266, Peak-Timing: 0.26515, Peak-MAPE: 18.13820, Pearson-r: 0.95294
2024-12-03 04:35:25,966: Setting learning rate to 1e-05
2024-12-03 04:43:50,657: Epoch 21 average loss: avg_loss: 0.00017, avg_total_loss: 0.00017
2024-12-03 04:52:10,049: Epoch 22 average loss: avg_loss: 0.00016, avg_total_loss: 0.00016
2024-12-03 05:00:30,052: Epoch 23 average loss: avg_loss: 0.00016, avg_total_loss: 0.00016
2024-12-03 05:08:49,296: Epoch 24 average loss: avg_loss: 0.00016, avg_total_loss: 0.00016
2024-12-03 05:17:04,950: Epoch 25 average loss: avg_loss: 0.00016, avg_total_loss: 0.00016
2024-12-03 05:17:05,326: The following basins had not enough valid target values to calculate a standard deviation: 18017. NSE loss values for this basin will be NaN.
2024-12-03 05:17:07,348: Epoch 25 average validation loss: 0.00019 -- Median validation metrics: avg_loss: 0.00019, NSE: 0.89355, Alpha-NSE: 0.96004, Beta-NSE: -0.00551, FHV: -3.92965, FMS: -3.62946, FLV: 29.86445, KGE: 0.92155, Beta-KGE: 0.99509, Peak-Timing: 0.26136, Peak-MAPE: 23.15905, Pearson-r: 0.94614
2024-12-03 05:25:22,390: Epoch 26 average loss: avg_loss: 0.00016, avg_total_loss: 0.00016
2024-12-03 05:33:41,287: Epoch 27 average loss: avg_loss: 0.00018, avg_total_loss: 0.00018
2024-12-03 05:41:55,267: Epoch 28 average loss: avg_loss: 0.00016, avg_total_loss: 0.00016
2024-12-03 05:50:04,814: Epoch 29 average loss: avg_loss: 0.00016, avg_total_loss: 0.00016
2024-12-03 05:58:02,606: Epoch 30 average loss: avg_loss: 0.00016, avg_total_loss: 0.00016
2024-12-03 05:58:02,701: The following basins had not enough valid target values to calculate a standard deviation: 39101. NSE loss values for this basin will be NaN.
2024-12-03 05:58:03,463: The following basins had not enough valid target values to calculate a standard deviation: 50008. NSE loss values for this basin will be NaN.
2024-12-03 05:58:05,083: Epoch 30 average validation loss: 0.00013 -- Median validation metrics: avg_loss: 0.00013, NSE: 0.93050, Alpha-NSE: 0.88026, Beta-NSE: -0.03084, FHV: -13.48293, FMS: -0.60006, FLV: 1.33598, KGE: 0.87179, Beta-KGE: 0.96453, Peak-Timing: 0.00000, Peak-MAPE: 20.93726, Pearson-r: 0.97097
2024-12-03 05:58:05,816: Using the model weights from runs/663_espinoza22_lstm_multi_3dyn22static_888_241203_014812/model_epoch030.pt
2024-12-03 05:58:31,887: The following basins had not enough valid target values to calculate a standard deviation: 18017. NSE loss values for this basin will be NaN.
2024-12-03 05:58:32,895: The following basins had not enough valid target values to calculate a standard deviation: 18018. NSE loss values for this basin will be NaN.
2024-12-03 06:02:49,963: Stored metrics at runs/663_espinoza22_lstm_multi_3dyn22static_888_241203_014812/test/model_epoch030/test_metrics_seed888.csv
2024-12-03 06:02:50,370: Stored results at runs/663_espinoza22_lstm_multi_3dyn22static_888_241203_014812/test/model_epoch030/test_results.p
2024-12-08 17:09:29,304: Logging to Aruns_663_espinoza22_lstm_multi_3dyn22static/663_espinoza22_lstm_multi_3dyn22static_777_241202_213223/output.log initialized.
2024-12-08 17:09:29,516: Using the model weights from Aruns_663_espinoza22_lstm_multi_3dyn22static/663_espinoza22_lstm_multi_3dyn22static_777_241202_213223/model_epoch030.pt
2024-12-08 17:09:59,584: The following basins had not enough valid target values to calculate a standard deviation: 18017. NSE loss values for this basin will be NaN.
2024-12-08 17:10:00,662: The following basins had not enough valid target values to calculate a standard deviation: 18018. NSE loss values for this basin will be NaN.
2024-12-08 17:15:25,034: Stored metrics at Aruns_663_espinoza22_lstm_multi_3dyn22static/663_espinoza22_lstm_multi_3dyn22static_777_241202_213223/test/model_epoch030/test_metrics_seed777.csv
2024-12-08 17:15:25,298: Stored results at Aruns_663_espinoza22_lstm_multi_3dyn22static/663_espinoza22_lstm_multi_3dyn22static_777_241202_213223/test/model_epoch030/test_results.p
