2024-12-02 21:31:52,566: Logging to /home/ame805/neuralhydrology_fork/camels_spat_scripts/experiment_scripts/runs/663_espinoza22_lstm_multi_3dyn22static_111_241202_213152/output.log initialized.
2024-12-02 21:31:52,567: ### Folder structure created at /home/ame805/neuralhydrology_fork/camels_spat_scripts/experiment_scripts/runs/663_espinoza22_lstm_multi_3dyn22static_111_241202_213152
2024-12-02 21:31:52,567: ### Run configurations for 663_espinoza22_lstm_multi_3dyn22static_111
2024-12-02 21:31:52,567: batch_size: 256
2024-12-02 21:31:52,567: clip_gradient_norm: 1
2024-12-02 21:31:52,567: clip_targets_to_zero: ['discharge_spec']
2024-12-02 21:31:52,567: data_dir: ../../../../../gladwell/hydrology/SUMMA/summa-ml-models/CAMELS_GB
2024-12-02 21:31:52,567: dataset: camels_gb
2024-12-02 21:31:52,567: device: cuda:0
2024-12-02 21:31:52,567: dynamic_inputs: ['precipitation', 'temperature', 'pet', 'shortwave_rad']
2024-12-02 21:31:52,567: epochs: 30
2024-12-02 21:31:52,567: experiment_name: 663_espinoza22_lstm_multi_3dyn22static_111
2024-12-02 21:31:52,567: head: regression
2024-12-02 21:31:52,567: hidden_size: [256]
2024-12-02 21:31:52,567: initial_forget_bias: 5
2024-12-02 21:31:52,567: learning_rate: {0: 0.001, 11: 0.0005, 21: 1e-05}
2024-12-02 21:31:52,567: log_interval: 5
2024-12-02 21:31:52,567: log_n_figures: 2
2024-12-02 21:31:52,567: log_tensorboard: True
2024-12-02 21:31:52,567: loss: NSE
2024-12-02 21:31:52,567: metrics: ['NSE', 'Alpha-NSE', 'Beta-NSE', 'FHV', 'FMS', 'FLV', 'KGE', 'Beta-KGE', 'Peak-Timing', 'Peak-MAPE', 'Pearson-r']
2024-12-02 21:31:52,567: model: cudalstm
2024-12-02 21:31:52,567: num_workers: 16
2024-12-02 21:31:52,567: optimizer: Adam
2024-12-02 21:31:52,567: output_activation: linear
2024-12-02 21:31:52,567: output_dropout: 0.4
2024-12-02 21:31:52,567: predict_last_n: 1
2024-12-02 21:31:52,567: save_weights_every: 5
2024-12-02 21:31:52,567: seed: 111
2024-12-02 21:31:52,568: seq_length: 270
2024-12-02 21:31:52,568: static_attributes: ['area', 'elev_mean', 'dpsbar', 'sand_perc', 'silt_perc', 'clay_perc', 'porosity_hypres', 'conductivity_hypres', 'soil_depth_pelletier', 'frac_snow', 'dwood_perc', 'ewood_perc', 'crop_perc', 'urban_perc', 'reservoir_cap', 'p_mean', 'pet_mean', 'p_seasonality', 'high_prec_freq', 'high_prec_dur', 'low_prec_freq', 'low_prec_dur']
2024-12-02 21:31:52,568: target_variables: ['discharge_vol']
2024-12-02 21:31:52,568: test_basin_file: 663_basin_camels-gb.txt
2024-12-02 21:31:52,568: test_end_date: 2008-12-31 00:00:00
2024-12-02 21:31:52,568: test_start_date: 1998-01-01 00:00:00
2024-12-02 21:31:52,568: train_basin_file: 663_basin_camels-gb.txt
2024-12-02 21:31:52,568: train_end_date: 1997-12-31 00:00:00
2024-12-02 21:31:52,568: train_start_date: 1980-10-01 00:00:00
2024-12-02 21:31:52,568: validate_every: 5
2024-12-02 21:31:52,568: validate_n_random_basins: 5
2024-12-02 21:31:52,568: validation_basin_file: 663_basin_camels-gb.txt
2024-12-02 21:31:52,568: validation_end_date: 1980-09-30 00:00:00
2024-12-02 21:31:52,568: validation_start_date: 1975-10-01 00:00:00
2024-12-02 21:31:52,568: number_of_basins: 663
2024-12-02 21:31:52,568: run_dir: /home/ame805/neuralhydrology_fork/camels_spat_scripts/experiment_scripts/runs/663_espinoza22_lstm_multi_3dyn22static_111_241202_213152
2024-12-02 21:31:52,568: train_dir: /home/ame805/neuralhydrology_fork/camels_spat_scripts/experiment_scripts/runs/663_espinoza22_lstm_multi_3dyn22static_111_241202_213152/train_data
2024-12-02 21:31:52,568: img_log_dir: /home/ame805/neuralhydrology_fork/camels_spat_scripts/experiment_scripts/runs/663_espinoza22_lstm_multi_3dyn22static_111_241202_213152/img_log
2024-12-02 21:31:52,593: ### Device cuda:0 will be used for training
2024-12-02 21:31:52,893: Loading basin data into xarray data set.
2024-12-02 21:32:17,075: Calculating target variable stds per basin
2024-12-02 21:32:17,917: Create lookup table and convert to pytorch tensor
2024-12-02 21:41:07,395: Epoch 1 average loss: avg_loss: 0.00192, avg_total_loss: 0.00192
2024-12-02 21:49:29,982: Epoch 2 average loss: avg_loss: 0.00043, avg_total_loss: 0.00043
2024-12-02 21:57:44,189: Epoch 3 average loss: avg_loss: 0.00034, avg_total_loss: 0.00034
2024-12-02 22:06:07,298: Epoch 4 average loss: avg_loss: 0.00030, avg_total_loss: 0.00030
2024-12-02 22:14:30,132: Epoch 5 average loss: avg_loss: 0.00027, avg_total_loss: 0.00027
2024-12-02 22:14:32,970: Epoch 5 average validation loss: 0.00032 -- Median validation metrics: avg_loss: 0.00032, NSE: 0.74067, Alpha-NSE: 0.89952, Beta-NSE: 0.16393, FHV: -10.29660, FMS: -10.62609, FLV: 34.65326, KGE: 0.70275, Beta-KGE: 1.17554, Peak-Timing: 0.40000, Peak-MAPE: 30.56046, Pearson-r: 0.94175
2024-12-02 22:22:55,971: Epoch 6 average loss: avg_loss: 0.00026, avg_total_loss: 0.00026
2024-12-02 22:31:15,011: Epoch 7 average loss: avg_loss: 0.00025, avg_total_loss: 0.00025
2024-12-02 22:39:37,466: Epoch 8 average loss: avg_loss: 0.00023, avg_total_loss: 0.00023
2024-12-02 22:47:54,666: Epoch 9 average loss: avg_loss: 0.00023, avg_total_loss: 0.00023
2024-12-02 22:56:20,870: Epoch 10 average loss: avg_loss: 0.00022, avg_total_loss: 0.00022
2024-12-02 22:56:21,746: The following basins had not enough valid target values to calculate a standard deviation: 7006. NSE loss values for this basin will be NaN.
2024-12-02 22:56:23,757: Epoch 10 average validation loss: 0.00021 -- Median validation metrics: avg_loss: 0.00021, NSE: 0.87813, Alpha-NSE: 0.94070, Beta-NSE: 0.02582, FHV: -7.92131, FMS: 3.08316, FLV: 20.05458, KGE: 0.89689, Beta-KGE: 1.03426, Peak-Timing: 0.60714, Peak-MAPE: 22.43691, Pearson-r: 0.93977
2024-12-02 22:56:23,758: Setting learning rate to 0.0005
2024-12-02 23:04:51,164: Epoch 11 average loss: avg_loss: 0.00019, avg_total_loss: 0.00019
2024-12-02 23:13:12,192: Epoch 12 average loss: avg_loss: 0.00019, avg_total_loss: 0.00019
2024-12-02 23:21:34,752: Epoch 13 average loss: avg_loss: 0.00019, avg_total_loss: 0.00019
2024-12-02 23:29:57,928: Epoch 14 average loss: avg_loss: 0.00018, avg_total_loss: 0.00018
2024-12-02 23:38:19,187: Epoch 15 average loss: avg_loss: 0.00018, avg_total_loss: 0.00018
2024-12-02 23:38:19,304: The following basins had not enough valid target values to calculate a standard deviation: 39141. NSE loss values for this basin will be NaN.
2024-12-02 23:38:22,050: Epoch 15 average validation loss: 0.00018 -- Median validation metrics: avg_loss: 0.00018, NSE: 0.90552, Alpha-NSE: 0.89852, Beta-NSE: -0.02557, FHV: -11.83586, FMS: -3.26363, FLV: -2.73897, KGE: 0.86932, Beta-KGE: 0.96561, Peak-Timing: 0.03846, Peak-MAPE: 24.71863, Pearson-r: 0.95279
2024-12-02 23:46:46,295: Epoch 16 average loss: avg_loss: 0.00018, avg_total_loss: 0.00018
2024-12-02 23:55:02,966: Epoch 17 average loss: avg_loss: 0.00018, avg_total_loss: 0.00018
2024-12-03 00:03:25,569: Epoch 18 average loss: avg_loss: 0.00017, avg_total_loss: 0.00017
2024-12-03 00:11:51,369: Epoch 19 average loss: avg_loss: 0.00017, avg_total_loss: 0.00017
2024-12-03 00:20:12,728: Epoch 20 average loss: avg_loss: 0.00017, avg_total_loss: 0.00017
2024-12-03 00:20:12,828: The following basins had not enough valid target values to calculate a standard deviation: 4005. NSE loss values for this basin will be NaN.
2024-12-03 00:20:15,156: Epoch 20 average validation loss: 0.00030 -- Median validation metrics: avg_loss: 0.00030, NSE: 0.79091, Alpha-NSE: 0.93931, Beta-NSE: -0.01277, FHV: -5.57972, FMS: -0.87680, FLV: 19.51033, KGE: 0.87236, Beta-KGE: 0.98309, Peak-Timing: 0.16026, Peak-MAPE: 26.65155, Pearson-r: 0.89156
2024-12-03 00:20:15,157: Setting learning rate to 1e-05
2024-12-03 00:28:37,877: Epoch 21 average loss: avg_loss: 0.00016, avg_total_loss: 0.00016
2024-12-03 00:37:01,332: Epoch 22 average loss: avg_loss: 0.00015, avg_total_loss: 0.00015
2024-12-03 00:45:22,562: Epoch 23 average loss: avg_loss: 0.00015, avg_total_loss: 0.00015
2024-12-03 00:53:47,783: Epoch 24 average loss: avg_loss: 0.00015, avg_total_loss: 0.00015
2024-12-03 01:02:08,614: Epoch 25 average loss: avg_loss: 0.00015, avg_total_loss: 0.00015
2024-12-03 01:02:10,907: Epoch 25 average validation loss: 0.00021 -- Median validation metrics: avg_loss: 0.00021, NSE: 0.79139, Alpha-NSE: 0.99235, Beta-NSE: -0.00437, FHV: -3.77066, FMS: 19.60676, FLV: 14.01851, KGE: 0.85436, Beta-KGE: 0.99331, Peak-Timing: 0.25000, Peak-MAPE: 21.39935, Pearson-r: 0.93877
2024-12-03 01:10:23,085: Epoch 26 average loss: avg_loss: 0.00015, avg_total_loss: 0.00015
2024-12-03 01:18:34,114: Epoch 27 average loss: avg_loss: 0.00015, avg_total_loss: 0.00015
2024-12-03 01:26:50,616: Epoch 28 average loss: avg_loss: 0.00015, avg_total_loss: 0.00015
2024-12-03 01:35:17,332: Epoch 29 average loss: avg_loss: 0.00015, avg_total_loss: 0.00015
2024-12-03 01:43:20,597: Epoch 30 average loss: avg_loss: 0.00015, avg_total_loss: 0.00015
2024-12-03 01:43:21,940: The following basins had not enough valid target values to calculate a standard deviation: 78006. NSE loss values for this basin will be NaN.
2024-12-03 01:43:23,498: Epoch 30 average validation loss: 0.00039 -- Median validation metrics: avg_loss: 0.00039, NSE: 0.79531, Alpha-NSE: 0.98853, Beta-NSE: -0.02652, FHV: -1.34119, FMS: -1.36592, FLV: 33.47737, KGE: 0.85627, Beta-KGE: 0.97316, Peak-Timing: 0.43750, Peak-MAPE: 17.69304, Pearson-r: 0.91007
2024-12-03 01:43:24,298: Using the model weights from runs/663_espinoza22_lstm_multi_3dyn22static_111_241202_213152/model_epoch030.pt
2024-12-03 01:43:47,083: The following basins had not enough valid target values to calculate a standard deviation: 18017. NSE loss values for this basin will be NaN.
2024-12-03 01:43:47,946: The following basins had not enough valid target values to calculate a standard deviation: 18018. NSE loss values for this basin will be NaN.
2024-12-03 01:48:20,311: Stored metrics at runs/663_espinoza22_lstm_multi_3dyn22static_111_241202_213152/test/model_epoch030/test_metrics_seed111.csv
2024-12-03 01:48:20,579: Stored results at runs/663_espinoza22_lstm_multi_3dyn22static_111_241202_213152/test/model_epoch030/test_results.p
2024-12-03 01:48:20,596: Logging to /home/ame805/neuralhydrology_fork/camels_spat_scripts/experiment_scripts/runs/663_espinoza22_lstm_multi_3dyn22static_222_241203_014820/output.log initialized.
2024-12-03 01:48:20,596: ### Folder structure created at /home/ame805/neuralhydrology_fork/camels_spat_scripts/experiment_scripts/runs/663_espinoza22_lstm_multi_3dyn22static_222_241203_014820
2024-12-03 01:48:20,596: ### Run configurations for 663_espinoza22_lstm_multi_3dyn22static_222
2024-12-03 01:48:20,596: batch_size: 256
2024-12-03 01:48:20,596: clip_gradient_norm: 1
2024-12-03 01:48:20,596: clip_targets_to_zero: ['discharge_spec']
2024-12-03 01:48:20,596: data_dir: ../../../../../gladwell/hydrology/SUMMA/summa-ml-models/CAMELS_GB
2024-12-03 01:48:20,596: dataset: camels_gb
2024-12-03 01:48:20,596: device: cuda:0
2024-12-03 01:48:20,596: dynamic_inputs: ['precipitation', 'temperature', 'pet', 'shortwave_rad']
2024-12-03 01:48:20,596: epochs: 30
2024-12-03 01:48:20,596: experiment_name: 663_espinoza22_lstm_multi_3dyn22static_222
2024-12-03 01:48:20,596: head: regression
2024-12-03 01:48:20,596: hidden_size: [256]
2024-12-03 01:48:20,596: initial_forget_bias: 5
2024-12-03 01:48:20,596: learning_rate: {0: 0.001, 11: 0.0005, 21: 1e-05}
2024-12-03 01:48:20,596: log_interval: 5
2024-12-03 01:48:20,596: log_n_figures: 2
2024-12-03 01:48:20,596: log_tensorboard: True
2024-12-03 01:48:20,596: loss: NSE
2024-12-03 01:48:20,596: metrics: ['NSE', 'Alpha-NSE', 'Beta-NSE', 'FHV', 'FMS', 'FLV', 'KGE', 'Beta-KGE', 'Peak-Timing', 'Peak-MAPE', 'Pearson-r']
2024-12-03 01:48:20,596: model: cudalstm
2024-12-03 01:48:20,597: num_workers: 16
2024-12-03 01:48:20,597: optimizer: Adam
2024-12-03 01:48:20,597: output_activation: linear
2024-12-03 01:48:20,597: output_dropout: 0.4
2024-12-03 01:48:20,597: predict_last_n: 1
2024-12-03 01:48:20,597: save_weights_every: 5
2024-12-03 01:48:20,597: seed: 222
2024-12-03 01:48:20,597: seq_length: 270
2024-12-03 01:48:20,597: static_attributes: ['area', 'elev_mean', 'dpsbar', 'sand_perc', 'silt_perc', 'clay_perc', 'porosity_hypres', 'conductivity_hypres', 'soil_depth_pelletier', 'frac_snow', 'dwood_perc', 'ewood_perc', 'crop_perc', 'urban_perc', 'reservoir_cap', 'p_mean', 'pet_mean', 'p_seasonality', 'high_prec_freq', 'high_prec_dur', 'low_prec_freq', 'low_prec_dur']
2024-12-03 01:48:20,597: target_variables: ['discharge_vol']
2024-12-03 01:48:20,597: test_basin_file: 663_basin_camels-gb.txt
2024-12-03 01:48:20,597: test_end_date: 2008-12-31 00:00:00
2024-12-03 01:48:20,597: test_start_date: 1998-01-01 00:00:00
2024-12-03 01:48:20,597: train_basin_file: 663_basin_camels-gb.txt
2024-12-03 01:48:20,597: train_end_date: 1997-12-31 00:00:00
2024-12-03 01:48:20,597: train_start_date: 1980-10-01 00:00:00
2024-12-03 01:48:20,597: validate_every: 5
2024-12-03 01:48:20,597: validate_n_random_basins: 5
2024-12-03 01:48:20,597: validation_basin_file: 663_basin_camels-gb.txt
2024-12-03 01:48:20,597: validation_end_date: 1980-09-30 00:00:00
2024-12-03 01:48:20,597: validation_start_date: 1975-10-01 00:00:00
2024-12-03 01:48:20,597: number_of_basins: 663
2024-12-03 01:48:20,597: run_dir: /home/ame805/neuralhydrology_fork/camels_spat_scripts/experiment_scripts/runs/663_espinoza22_lstm_multi_3dyn22static_222_241203_014820
2024-12-03 01:48:20,597: train_dir: /home/ame805/neuralhydrology_fork/camels_spat_scripts/experiment_scripts/runs/663_espinoza22_lstm_multi_3dyn22static_222_241203_014820/train_data
2024-12-03 01:48:20,597: img_log_dir: /home/ame805/neuralhydrology_fork/camels_spat_scripts/experiment_scripts/runs/663_espinoza22_lstm_multi_3dyn22static_222_241203_014820/img_log
2024-12-03 01:48:20,598: ### Device cuda:0 will be used for training
2024-12-03 01:48:20,927: Loading basin data into xarray data set.
2024-12-03 01:48:45,037: Calculating target variable stds per basin
2024-12-03 01:48:45,858: Create lookup table and convert to pytorch tensor
2024-12-03 01:57:29,659: Epoch 1 average loss: avg_loss: 0.00168, avg_total_loss: 0.00168
2024-12-03 02:05:54,429: Epoch 2 average loss: avg_loss: 0.00043, avg_total_loss: 0.00043
2024-12-03 02:14:21,225: Epoch 3 average loss: avg_loss: 0.00032, avg_total_loss: 0.00032
2024-12-03 02:22:45,937: Epoch 4 average loss: avg_loss: 0.00028, avg_total_loss: 0.00028
2024-12-03 02:31:09,364: Epoch 5 average loss: avg_loss: 0.00026, avg_total_loss: 0.00026
2024-12-03 02:31:09,476: The following basins had not enough valid target values to calculate a standard deviation: 28081. NSE loss values for this basin will be NaN.
2024-12-03 02:31:10,024: The following basins had not enough valid target values to calculate a standard deviation: 47018. NSE loss values for this basin will be NaN.
2024-12-03 02:31:11,247: The following basins had not enough valid target values to calculate a standard deviation: 28093. NSE loss values for this basin will be NaN.
2024-12-03 02:31:12,422: Epoch 5 average validation loss: 0.00040 -- Median validation metrics: avg_loss: 0.00040, NSE: 0.81720, Alpha-NSE: 0.78217, Beta-NSE: -0.14941, FHV: -19.86475, FMS: -4.13178, FLV: 8.94930, KGE: 0.73527, Beta-KGE: 0.86641, Peak-Timing: 0.15385, Peak-MAPE: 31.73344, Pearson-r: 0.93542
2024-12-03 02:39:37,967: Epoch 6 average loss: avg_loss: 0.00033, avg_total_loss: 0.00033
2024-12-03 02:48:05,107: Epoch 7 average loss: avg_loss: 0.00024, avg_total_loss: 0.00024
2024-12-03 02:56:31,394: Epoch 8 average loss: avg_loss: 0.00024, avg_total_loss: 0.00024
2024-12-03 03:04:56,963: Epoch 9 average loss: avg_loss: 0.00023, avg_total_loss: 0.00023
2024-12-03 03:13:22,930: Epoch 10 average loss: avg_loss: 0.00022, avg_total_loss: 0.00022
2024-12-03 03:13:25,113: Epoch 10 average validation loss: 0.00020 -- Median validation metrics: avg_loss: 0.00020, NSE: 0.86999, Alpha-NSE: 0.99310, Beta-NSE: 0.01474, FHV: -1.11785, FMS: 3.01692, FLV: 0.92249, KGE: 0.88993, Beta-KGE: 1.01750, Peak-Timing: 0.28571, Peak-MAPE: 25.88633, Pearson-r: 0.95360
2024-12-03 03:13:25,113: Setting learning rate to 0.0005
2024-12-03 03:21:51,672: Epoch 11 average loss: avg_loss: 0.00019, avg_total_loss: 0.00019
2024-12-03 03:30:13,338: Epoch 12 average loss: avg_loss: 0.00019, avg_total_loss: 0.00019
2024-12-03 03:38:40,936: Epoch 13 average loss: avg_loss: 0.00019, avg_total_loss: 0.00019
2024-12-03 03:47:03,773: Epoch 14 average loss: avg_loss: 0.00018, avg_total_loss: 0.00018
2024-12-03 03:55:27,094: Epoch 15 average loss: avg_loss: 0.00018, avg_total_loss: 0.00018
2024-12-03 03:55:28,068: The following basins had not enough valid target values to calculate a standard deviation: 39108. NSE loss values for this basin will be NaN.
2024-12-03 03:55:29,817: Epoch 15 average validation loss: 0.00035 -- Median validation metrics: avg_loss: 0.00035, NSE: 0.82222, Alpha-NSE: 0.89675, Beta-NSE: 0.02231, FHV: -9.03079, FMS: -5.75200, FLV: 10.91813, KGE: 0.83064, Beta-KGE: 1.03261, Peak-Timing: 0.22500, Peak-MAPE: 30.70320, Pearson-r: 0.91215
2024-12-03 04:03:55,542: Epoch 16 average loss: avg_loss: 0.00018, avg_total_loss: 0.00018
2024-12-03 04:12:15,325: Epoch 17 average loss: avg_loss: 0.00018, avg_total_loss: 0.00018
2024-12-03 04:20:41,709: Epoch 18 average loss: avg_loss: 0.00018, avg_total_loss: 0.00018
2024-12-03 04:29:06,581: Epoch 19 average loss: avg_loss: 0.00020, avg_total_loss: 0.00020
2024-12-03 04:37:27,898: Epoch 20 average loss: avg_loss: 0.00017, avg_total_loss: 0.00017
2024-12-03 04:37:28,555: The following basins had not enough valid target values to calculate a standard deviation: 96004. NSE loss values for this basin will be NaN.
2024-12-03 04:37:30,228: Epoch 20 average validation loss: 0.00017 -- Median validation metrics: avg_loss: 0.00017, NSE: 0.90573, Alpha-NSE: 1.04396, Beta-NSE: 0.03860, FHV: 0.64340, FMS: 0.42835, FLV: -1.41151, KGE: 0.90086, Beta-KGE: 1.03677, Peak-Timing: 0.17361, Peak-MAPE: 27.44580, Pearson-r: 0.95740
2024-12-03 04:37:30,228: Setting learning rate to 1e-05
2024-12-03 04:45:55,739: Epoch 21 average loss: avg_loss: 0.00016, avg_total_loss: 0.00016
2024-12-03 04:54:19,577: Epoch 22 average loss: avg_loss: 0.00015, avg_total_loss: 0.00015
2024-12-03 05:02:45,822: Epoch 23 average loss: avg_loss: 0.00015, avg_total_loss: 0.00015
2024-12-03 05:11:13,949: Epoch 24 average loss: avg_loss: 0.00015, avg_total_loss: 0.00015
2024-12-03 05:19:35,322: Epoch 25 average loss: avg_loss: 0.00015, avg_total_loss: 0.00015
2024-12-03 05:19:36,053: The following basins had not enough valid target values to calculate a standard deviation: 89002. NSE loss values for this basin will be NaN.
2024-12-03 05:19:38,114: Epoch 25 average validation loss: 0.00025 -- Median validation metrics: avg_loss: 0.00025, NSE: 0.90502, Alpha-NSE: 1.05491, Beta-NSE: 0.07021, FHV: 8.87733, FMS: 0.79077, FLV: -1.44519, KGE: 0.89754, Beta-KGE: 1.07821, Peak-Timing: 0.36667, Peak-MAPE: 30.20205, Pearson-r: 0.95456
2024-12-03 05:28:02,388: Epoch 26 average loss: avg_loss: 0.00015, avg_total_loss: 0.00015
2024-12-03 05:36:30,391: Epoch 27 average loss: avg_loss: 0.00015, avg_total_loss: 0.00015
2024-12-03 05:44:54,213: Epoch 28 average loss: avg_loss: 0.00015, avg_total_loss: 0.00015
2024-12-03 05:53:20,602: Epoch 29 average loss: avg_loss: 0.00015, avg_total_loss: 0.00015
2024-12-03 06:00:59,771: Epoch 30 average loss: avg_loss: 0.00015, avg_total_loss: 0.00015
2024-12-03 06:01:01,590: Epoch 30 average validation loss: 0.00017 -- Median validation metrics: avg_loss: 0.00017, NSE: 0.90233, Alpha-NSE: 0.99589, Beta-NSE: -0.00356, FHV: -5.61201, FMS: -0.93906, FLV: 0.35176, KGE: 0.91767, Beta-KGE: 0.99410, Peak-Timing: 0.16667, Peak-MAPE: 19.78905, Pearson-r: 0.95468
2024-12-03 06:01:02,319: Using the model weights from runs/663_espinoza22_lstm_multi_3dyn22static_222_241203_014820/model_epoch030.pt
2024-12-03 06:01:22,787: The following basins had not enough valid target values to calculate a standard deviation: 18017. NSE loss values for this basin will be NaN.
2024-12-03 06:01:23,627: The following basins had not enough valid target values to calculate a standard deviation: 18018. NSE loss values for this basin will be NaN.
2024-12-03 06:05:17,907: Stored metrics at runs/663_espinoza22_lstm_multi_3dyn22static_222_241203_014820/test/model_epoch030/test_metrics_seed222.csv
2024-12-03 06:05:18,114: Stored results at runs/663_espinoza22_lstm_multi_3dyn22static_222_241203_014820/test/model_epoch030/test_results.p
