2024-08-11 11:16:35,252: Logging to /home/ame805/neuralhydrology_fork/camels_spat_scripts/experiment_scripts/runs/569_basins_camels_ealstm_777_1108_111635/output.log initialized.
2024-08-11 11:16:35,252: ### Folder structure created at /home/ame805/neuralhydrology_fork/camels_spat_scripts/experiment_scripts/runs/569_basins_camels_ealstm_777_1108_111635
2024-08-11 11:16:35,252: ### Run configurations for 569_basins_camels_ealstm_777
2024-08-11 11:16:35,252: batch_size: 256
2024-08-11 11:16:35,252: clip_gradient_norm: 1
2024-08-11 11:16:35,252: clip_targets_to_zero: ['QObs(mm/d)']
2024-08-11 11:16:35,252: data_dir: ../../../../../gladwell/hydrology/SUMMA/summa-ml-models/CAMELS_US
2024-08-11 11:16:35,252: dataset: camels_us
2024-08-11 11:16:35,252: device: cuda:1
2024-08-11 11:16:35,252: dynamic_inputs: ['prcp(mm/day)', 'tmin(C)', 'tmax(C)', 'srad(W/m2)', 'vp(Pa)']
2024-08-11 11:16:35,252: epochs: 30
2024-08-11 11:16:35,252: experiment_name: 569_basins_camels_ealstm_777
2024-08-11 11:16:35,252: forcings: daymet
2024-08-11 11:16:35,252: head: regression
2024-08-11 11:16:35,252: hidden_size: [256]
2024-08-11 11:16:35,252: initial_forget_bias: 5
2024-08-11 11:16:35,253: learning_rate: {0: 0.001, 11: 0.0005, 21: 1e-05}
2024-08-11 11:16:35,253: log_interval: 5
2024-08-11 11:16:35,253: log_n_figures: 2
2024-08-11 11:16:35,253: log_tensorboard: True
2024-08-11 11:16:35,253: loss: NSE
2024-08-11 11:16:35,253: metrics: ['NSE', 'Alpha-NSE', 'Beta-NSE', 'FHV', 'FMS', 'FLV', 'KGE', 'Beta-KGE', 'Peak-Timing', 'Peak-MAPE', 'Pearson-r']
2024-08-11 11:16:35,253: model: ealstm
2024-08-11 11:16:35,253: num_workers: 16
2024-08-11 11:16:35,253: optimizer: Adam
2024-08-11 11:16:35,253: output_activation: linear
2024-08-11 11:16:35,253: output_dropout: 0.4
2024-08-11 11:16:35,253: predict_last_n: 1
2024-08-11 11:16:35,253: save_weights_every: 5
2024-08-11 11:16:35,253: seed: 777
2024-08-11 11:16:35,253: seq_length: 270
2024-08-11 11:16:35,253: static_attributes: ['elev_mean', 'slope_mean', 'area_gages2', 'frac_forest', 'lai_max', 'lai_diff', 'gvf_max', 'gvf_diff', 'soil_depth_pelletier', 'soil_depth_statsgo', 'soil_porosity', 'soil_conductivity', 'max_water_content', 'sand_frac', 'silt_frac', 'clay_frac', 'carbonate_rocks_frac', 'geol_permeability', 'p_mean', 'pet_mean', 'aridity', 'frac_snow', 'high_prec_freq', 'high_prec_dur', 'low_prec_freq', 'low_prec_dur', 'p_seasonality']
2024-08-11 11:16:35,253: target_variables: ['QObs(mm/d)']
2024-08-11 11:16:35,253: test_basin_file: 569_basin_file.txt
2024-08-11 11:16:35,254: test_end_date: 2010-09-30 00:00:00
2024-08-11 11:16:35,254: test_start_date: 2000-10-01 00:00:00
2024-08-11 11:16:35,254: train_basin_file: 569_basin_file.txt
2024-08-11 11:16:35,254: train_end_date: 2000-09-30 00:00:00
2024-08-11 11:16:35,254: train_start_date: 1980-10-01 00:00:00
2024-08-11 11:16:35,254: validate_every: 5
2024-08-11 11:16:35,254: validate_n_random_basins: 5
2024-08-11 11:16:35,254: validation_basin_file: 569_basin_file.txt
2024-08-11 11:16:35,254: validation_end_date: 2010-09-30 00:00:00
2024-08-11 11:16:35,254: validation_start_date: 2000-10-01 00:00:00
2024-08-11 11:16:35,254: number_of_basins: 569
2024-08-11 11:16:35,254: run_dir: /home/ame805/neuralhydrology_fork/camels_spat_scripts/experiment_scripts/runs/569_basins_camels_ealstm_777_1108_111635
2024-08-11 11:16:35,254: train_dir: /home/ame805/neuralhydrology_fork/camels_spat_scripts/experiment_scripts/runs/569_basins_camels_ealstm_777_1108_111635/train_data
2024-08-11 11:16:35,254: img_log_dir: /home/ame805/neuralhydrology_fork/camels_spat_scripts/experiment_scripts/runs/569_basins_camels_ealstm_777_1108_111635/img_log
2024-08-11 11:16:35,304: ### Device cuda:1 will be used for training
2024-08-11 11:16:35,682: Loading basin data into xarray data set.
2024-08-11 11:17:34,873: Calculating target variable stds per basin
2024-08-11 11:17:35,901: Create lookup table and convert to pytorch tensor
2024-08-11 12:09:04,152: Epoch 1 average loss: avg_loss: 0.03953, avg_total_loss: 0.03953
2024-08-11 12:59:07,138: Epoch 2 average loss: avg_loss: 0.02802, avg_total_loss: 0.02802
2024-08-11 13:48:58,090: Epoch 3 average loss: avg_loss: 0.02539, avg_total_loss: 0.02539
2024-08-11 14:38:32,525: Epoch 4 average loss: avg_loss: 0.02262, avg_total_loss: 0.02262
2024-08-11 15:29:24,785: Epoch 5 average loss: avg_loss: 0.02110, avg_total_loss: 0.02110
2024-08-11 15:29:31,977: Epoch 5 average validation loss: 0.02522 -- Median validation metrics: avg_loss: 0.02522, NSE: 0.69233, Alpha-NSE: 0.80575, Beta-NSE: 0.02507, FHV: -19.44171, FMS: -43.89726, FLV: 59.36374, KGE: 0.75544, Beta-KGE: 1.07644, Peak-Timing: 0.33333, Peak-MAPE: 44.93748, Pearson-r: 0.84726
2024-08-11 16:20:19,042: Epoch 6 average loss: avg_loss: 0.01976, avg_total_loss: 0.01976
2024-08-11 17:13:30,778: Epoch 7 average loss: avg_loss: 0.01893, avg_total_loss: 0.01893
2024-08-11 18:08:33,595: Epoch 8 average loss: avg_loss: 0.01817, avg_total_loss: 0.01817
2024-08-11 19:01:22,171: Epoch 9 average loss: avg_loss: 0.01751, avg_total_loss: 0.01751
2024-08-11 19:55:26,684: Epoch 10 average loss: avg_loss: 0.01706, avg_total_loss: 0.01706
2024-08-11 19:55:34,369: Epoch 10 average validation loss: 0.01537 -- Median validation metrics: avg_loss: 0.01537, NSE: 0.68096, Alpha-NSE: 1.15569, Beta-NSE: 0.11761, FHV: 14.83555, FMS: -13.03323, FLV: -2.55796, KGE: 0.67974, Beta-KGE: 1.19316, Peak-Timing: 0.55556, Peak-MAPE: 47.77435, Pearson-r: 0.88343
2024-08-11 19:55:34,369: Setting learning rate to 0.0005
2024-08-11 20:48:48,875: Epoch 11 average loss: avg_loss: 0.01538, avg_total_loss: 0.01538
2024-08-11 21:36:58,397: Epoch 12 average loss: avg_loss: 0.01495, avg_total_loss: 0.01495
2024-08-11 22:21:44,260: Epoch 13 average loss: avg_loss: 0.01465, avg_total_loss: 0.01465
2024-08-11 23:05:04,569: Epoch 14 average loss: avg_loss: 0.01444, avg_total_loss: 0.01444
2024-08-11 23:47:55,043: Epoch 15 average loss: avg_loss: 0.01430, avg_total_loss: 0.01430
2024-08-11 23:48:00,618: Epoch 15 average validation loss: 0.01645 -- Median validation metrics: avg_loss: 0.01645, NSE: 0.74916, Alpha-NSE: 0.92789, Beta-NSE: 0.03776, FHV: -5.51354, FMS: -2.58756, FLV: 47.86364, KGE: 0.75593, Beta-KGE: 1.11584, Peak-Timing: 0.20000, Peak-MAPE: 34.78473, Pearson-r: 0.87481
2024-08-12 01:00:34,927: Epoch 16 average loss: avg_loss: 0.01406, avg_total_loss: 0.01406
2024-08-12 02:17:06,023: Epoch 17 average loss: avg_loss: 0.01384, avg_total_loss: 0.01384
2024-08-12 03:32:21,910: Epoch 18 average loss: avg_loss: 0.01367, avg_total_loss: 0.01367
2024-08-12 04:48:29,486: Epoch 19 average loss: avg_loss: 0.01350, avg_total_loss: 0.01350
2024-08-12 06:08:37,332: Epoch 20 average loss: avg_loss: 0.01333, avg_total_loss: 0.01333
2024-08-12 06:08:47,603: Epoch 20 average validation loss: 0.01334 -- Median validation metrics: avg_loss: 0.01334, NSE: 0.68001, Alpha-NSE: 0.89583, Beta-NSE: 0.08296, FHV: -4.49581, FMS: 9.50610, FLV: 43.70656, KGE: 0.74879, Beta-KGE: 1.09031, Peak-Timing: 0.21053, Peak-MAPE: 46.87695, Pearson-r: 0.83157
2024-08-12 06:08:47,604: Setting learning rate to 1e-05
2024-08-12 07:30:25,915: Epoch 21 average loss: avg_loss: 0.01249, avg_total_loss: 0.01249
2024-08-12 08:51:26,907: Epoch 22 average loss: avg_loss: 0.01209, avg_total_loss: 0.01209
2024-08-12 10:44:38,824: Epoch 23 average loss: avg_loss: 0.01196, avg_total_loss: 0.01196
2024-08-12 13:37:17,323: Epoch 24 average loss: avg_loss: 0.01189, avg_total_loss: 0.01189
2024-08-12 16:01:06,959: Epoch 25 average loss: avg_loss: 0.01185, avg_total_loss: 0.01185
2024-08-12 16:01:21,617: Epoch 25 average validation loss: 0.01211 -- Median validation metrics: avg_loss: 0.01211, NSE: 0.80347, Alpha-NSE: 0.95489, Beta-NSE: 0.05228, FHV: -3.03846, FMS: -11.58227, FLV: 1.65719, KGE: 0.88837, Beta-KGE: 1.05466, Peak-Timing: 0.53846, Peak-MAPE: 27.46964, Pearson-r: 0.90274
2024-08-12 17:45:18,475: Epoch 26 average loss: avg_loss: 0.01174, avg_total_loss: 0.01174
2024-08-12 19:25:48,112: Epoch 27 average loss: avg_loss: 0.01174, avg_total_loss: 0.01174
2024-08-12 21:05:56,627: Epoch 28 average loss: avg_loss: 0.01174, avg_total_loss: 0.01174
2024-08-12 22:50:11,795: Epoch 29 average loss: avg_loss: 0.01167, avg_total_loss: 0.01167
2024-08-13 00:34:28,020: Epoch 30 average loss: avg_loss: 0.01166, avg_total_loss: 0.01166
2024-08-13 00:34:42,056: Epoch 30 average validation loss: 0.01292 -- Median validation metrics: avg_loss: 0.01292, NSE: 0.82499, Alpha-NSE: 0.91096, Beta-NSE: -0.01020, FHV: -6.45937, FMS: 2.83003, FLV: 13.77209, KGE: 0.83999, Beta-KGE: 0.98339, Peak-Timing: 0.28000, Peak-MAPE: 33.91025, Pearson-r: 0.91235
2024-08-13 00:34:44,081: Using the model weights from runs/569_basins_camels_ealstm_777_1108_111635/model_epoch030.pt
2024-08-13 00:59:22,938: Stored metrics at runs/569_basins_camels_ealstm_777_1108_111635/test/model_epoch030/test_metrics_seed777.csv
2024-08-13 00:59:23,322: Stored results at runs/569_basins_camels_ealstm_777_1108_111635/test/model_epoch030/test_results.p
2024-08-13 00:59:23,351: Logging to /home/ame805/neuralhydrology_fork/camels_spat_scripts/experiment_scripts/runs/569_basins_camels_ealstm_888_1308_005923/output.log initialized.
2024-08-13 00:59:23,351: ### Folder structure created at /home/ame805/neuralhydrology_fork/camels_spat_scripts/experiment_scripts/runs/569_basins_camels_ealstm_888_1308_005923
2024-08-13 00:59:23,351: ### Run configurations for 569_basins_camels_ealstm_888
2024-08-13 00:59:23,351: batch_size: 256
2024-08-13 00:59:23,351: clip_gradient_norm: 1
2024-08-13 00:59:23,351: clip_targets_to_zero: ['QObs(mm/d)']
2024-08-13 00:59:23,352: data_dir: ../../../../../gladwell/hydrology/SUMMA/summa-ml-models/CAMELS_US
2024-08-13 00:59:23,352: dataset: camels_us
2024-08-13 00:59:23,352: device: cuda:1
2024-08-13 00:59:23,352: dynamic_inputs: ['prcp(mm/day)', 'tmin(C)', 'tmax(C)', 'srad(W/m2)', 'vp(Pa)']
2024-08-13 00:59:23,352: epochs: 30
2024-08-13 00:59:23,352: experiment_name: 569_basins_camels_ealstm_888
2024-08-13 00:59:23,352: forcings: daymet
2024-08-13 00:59:23,352: head: regression
2024-08-13 00:59:23,352: hidden_size: [256]
2024-08-13 00:59:23,352: initial_forget_bias: 5
2024-08-13 00:59:23,352: learning_rate: {0: 0.001, 11: 0.0005, 21: 1e-05}
2024-08-13 00:59:23,353: log_interval: 5
2024-08-13 00:59:23,353: log_n_figures: 2
2024-08-13 00:59:23,353: log_tensorboard: True
2024-08-13 00:59:23,353: loss: NSE
2024-08-13 00:59:23,353: metrics: ['NSE', 'Alpha-NSE', 'Beta-NSE', 'FHV', 'FMS', 'FLV', 'KGE', 'Beta-KGE', 'Peak-Timing', 'Peak-MAPE', 'Pearson-r']
2024-08-13 00:59:23,353: model: ealstm
2024-08-13 00:59:23,353: num_workers: 16
2024-08-13 00:59:23,353: optimizer: Adam
2024-08-13 00:59:23,353: output_activation: linear
2024-08-13 00:59:23,353: output_dropout: 0.4
2024-08-13 00:59:23,353: predict_last_n: 1
2024-08-13 00:59:23,353: save_weights_every: 5
2024-08-13 00:59:23,354: seed: 888
2024-08-13 00:59:23,354: seq_length: 270
2024-08-13 00:59:23,354: static_attributes: ['elev_mean', 'slope_mean', 'area_gages2', 'frac_forest', 'lai_max', 'lai_diff', 'gvf_max', 'gvf_diff', 'soil_depth_pelletier', 'soil_depth_statsgo', 'soil_porosity', 'soil_conductivity', 'max_water_content', 'sand_frac', 'silt_frac', 'clay_frac', 'carbonate_rocks_frac', 'geol_permeability', 'p_mean', 'pet_mean', 'aridity', 'frac_snow', 'high_prec_freq', 'high_prec_dur', 'low_prec_freq', 'low_prec_dur', 'p_seasonality']
2024-08-13 00:59:23,354: target_variables: ['QObs(mm/d)']
2024-08-13 00:59:23,354: test_basin_file: 569_basin_file.txt
2024-08-13 00:59:23,354: test_end_date: 2010-09-30 00:00:00
2024-08-13 00:59:23,354: test_start_date: 2000-10-01 00:00:00
2024-08-13 00:59:23,354: train_basin_file: 569_basin_file.txt
2024-08-13 00:59:23,354: train_end_date: 2000-09-30 00:00:00
2024-08-13 00:59:23,354: train_start_date: 1980-10-01 00:00:00
2024-08-13 00:59:23,354: validate_every: 5
2024-08-13 00:59:23,355: validate_n_random_basins: 5
2024-08-13 00:59:23,355: validation_basin_file: 569_basin_file.txt
2024-08-13 00:59:23,355: validation_end_date: 2010-09-30 00:00:00
2024-08-13 00:59:23,355: validation_start_date: 2000-10-01 00:00:00
2024-08-13 00:59:23,355: number_of_basins: 569
2024-08-13 00:59:23,355: run_dir: /home/ame805/neuralhydrology_fork/camels_spat_scripts/experiment_scripts/runs/569_basins_camels_ealstm_888_1308_005923
2024-08-13 00:59:23,355: train_dir: /home/ame805/neuralhydrology_fork/camels_spat_scripts/experiment_scripts/runs/569_basins_camels_ealstm_888_1308_005923/train_data
2024-08-13 00:59:23,355: img_log_dir: /home/ame805/neuralhydrology_fork/camels_spat_scripts/experiment_scripts/runs/569_basins_camels_ealstm_888_1308_005923/img_log
2024-08-13 00:59:23,356: ### Device cuda:1 will be used for training
2024-08-13 00:59:23,942: Loading basin data into xarray data set.
2024-08-13 01:01:50,816: Calculating target variable stds per basin
2024-08-13 01:01:52,896: Create lookup table and convert to pytorch tensor
2024-08-13 02:49:28,659: Epoch 1 average loss: avg_loss: 0.04319, avg_total_loss: 0.04319
2024-08-13 04:30:29,140: Epoch 2 average loss: avg_loss: 0.03388, avg_total_loss: 0.03388
2024-08-13 06:11:04,211: Epoch 3 average loss: avg_loss: 0.02936, avg_total_loss: 0.02936
2024-08-13 07:51:43,502: Epoch 4 average loss: avg_loss: 0.02646, avg_total_loss: 0.02646
2024-08-13 09:31:03,504: Epoch 5 average loss: avg_loss: 0.02454, avg_total_loss: 0.02454
2024-08-13 09:31:15,652: Epoch 5 average validation loss: 0.01930 -- Median validation metrics: avg_loss: 0.01930, NSE: 0.67982, Alpha-NSE: 0.93096, Beta-NSE: 0.04680, FHV: -15.27789, FMS: 42.40157, FLV: 42.97543, KGE: 0.57025, Beta-KGE: 1.16560, Peak-Timing: 1.12500, Peak-MAPE: 42.45306, Pearson-r: 0.83484
2024-08-13 11:10:38,880: Epoch 6 average loss: avg_loss: 0.02294, avg_total_loss: 0.02294
2024-08-13 12:51:50,360: Epoch 7 average loss: avg_loss: 0.02162, avg_total_loss: 0.02162
2024-08-13 14:34:36,701: Epoch 8 average loss: avg_loss: 0.02089, avg_total_loss: 0.02089
2024-08-13 16:14:36,694: Epoch 9 average loss: avg_loss: 0.02032, avg_total_loss: 0.02032
2024-08-13 17:59:12,795: Epoch 10 average loss: avg_loss: 0.01947, avg_total_loss: 0.01947
2024-08-13 17:59:26,085: Epoch 10 average validation loss: 0.02041 -- Median validation metrics: avg_loss: 0.02041, NSE: 0.67321, Alpha-NSE: 1.16538, Beta-NSE: 0.15776, FHV: 14.67730, FMS: -27.55060, FLV: 40.39425, KGE: 0.54897, Beta-KGE: 1.17726, Peak-Timing: 1.11765, Peak-MAPE: 33.31842, Pearson-r: 0.87685
2024-08-13 17:59:26,087: Setting learning rate to 0.0005
2024-08-13 19:47:03,835: Epoch 11 average loss: avg_loss: 0.01751, avg_total_loss: 0.01751
2024-08-13 21:27:01,156: Epoch 12 average loss: avg_loss: 0.01710, avg_total_loss: 0.01710
2024-08-13 23:13:46,760: Epoch 13 average loss: avg_loss: 0.01678, avg_total_loss: 0.01678
2024-08-14 00:55:43,531: Epoch 14 average loss: avg_loss: 0.01652, avg_total_loss: 0.01652
2024-08-14 02:35:16,740: Epoch 15 average loss: avg_loss: 0.01606, avg_total_loss: 0.01606
2024-08-14 02:35:30,653: Epoch 15 average validation loss: 0.02272 -- Median validation metrics: avg_loss: 0.02272, NSE: 0.71212, Alpha-NSE: 0.81622, Beta-NSE: 0.08502, FHV: -21.21692, FMS: -28.81692, FLV: -2.90971, KGE: 0.66907, Beta-KGE: 1.14588, Peak-Timing: 0.40909, Peak-MAPE: 39.35430, Pearson-r: 0.85602
2024-08-14 04:14:07,807: Epoch 16 average loss: avg_loss: 0.01632, avg_total_loss: 0.01632
2024-08-14 05:53:48,985: Epoch 17 average loss: avg_loss: 0.01573, avg_total_loss: 0.01573
2024-08-14 07:33:17,729: Epoch 18 average loss: avg_loss: 0.01566, avg_total_loss: 0.01566
2024-08-14 08:48:34,967: Epoch 19 average loss: avg_loss: 0.01535, avg_total_loss: 0.01535
2024-12-08 17:26:34,297: Logging to Aruns_569_hoge22_ealstm/569_basins_camels_ealstm_777_1108_111635/output.log initialized.
2024-12-08 17:26:34,484: Using the model weights from Aruns_569_hoge22_ealstm/569_basins_camels_ealstm_777_1108_111635/model_epoch030.pt
2024-12-08 17:34:35,423: Stored metrics at Aruns_569_hoge22_ealstm/569_basins_camels_ealstm_777_1108_111635/test/model_epoch030/test_metrics_seed777.csv
2024-12-08 17:34:35,624: Stored results at Aruns_569_hoge22_ealstm/569_basins_camels_ealstm_777_1108_111635/test/model_epoch030/test_results.p
