2024-08-11 11:15:54,284: Logging to /home/ame805/neuralhydrology_fork/camels_spat_scripts/experiment_scripts/runs/569_basins_camels_ealstm_333_1108_111554/output.log initialized.
2024-08-11 11:15:54,285: ### Folder structure created at /home/ame805/neuralhydrology_fork/camels_spat_scripts/experiment_scripts/runs/569_basins_camels_ealstm_333_1108_111554
2024-08-11 11:15:54,285: ### Run configurations for 569_basins_camels_ealstm_333
2024-08-11 11:15:54,285: batch_size: 256
2024-08-11 11:15:54,285: clip_gradient_norm: 1
2024-08-11 11:15:54,285: clip_targets_to_zero: ['QObs(mm/d)']
2024-08-11 11:15:54,285: data_dir: ../../../../../gladwell/hydrology/SUMMA/summa-ml-models/CAMELS_US
2024-08-11 11:15:54,285: dataset: camels_us
2024-08-11 11:15:54,285: device: cuda:0
2024-08-11 11:15:54,285: dynamic_inputs: ['prcp(mm/day)', 'tmin(C)', 'tmax(C)', 'srad(W/m2)', 'vp(Pa)']
2024-08-11 11:15:54,285: epochs: 30
2024-08-11 11:15:54,285: experiment_name: 569_basins_camels_ealstm_333
2024-08-11 11:15:54,285: forcings: daymet
2024-08-11 11:15:54,285: head: regression
2024-08-11 11:15:54,285: hidden_size: [256]
2024-08-11 11:15:54,285: initial_forget_bias: 5
2024-08-11 11:15:54,285: learning_rate: {0: 0.001, 11: 0.0005, 21: 1e-05}
2024-08-11 11:15:54,285: log_interval: 5
2024-08-11 11:15:54,285: log_n_figures: 2
2024-08-11 11:15:54,285: log_tensorboard: True
2024-08-11 11:15:54,285: loss: NSE
2024-08-11 11:15:54,285: metrics: ['NSE', 'Alpha-NSE', 'Beta-NSE', 'FHV', 'FMS', 'FLV', 'KGE', 'Beta-KGE', 'Peak-Timing', 'Peak-MAPE', 'Pearson-r']
2024-08-11 11:15:54,285: model: ealstm
2024-08-11 11:15:54,285: num_workers: 16
2024-08-11 11:15:54,285: optimizer: Adam
2024-08-11 11:15:54,285: output_activation: linear
2024-08-11 11:15:54,286: output_dropout: 0.4
2024-08-11 11:15:54,286: predict_last_n: 1
2024-08-11 11:15:54,286: save_weights_every: 5
2024-08-11 11:15:54,286: seed: 333
2024-08-11 11:15:54,286: seq_length: 270
2024-08-11 11:15:54,286: static_attributes: ['elev_mean', 'slope_mean', 'area_gages2', 'frac_forest', 'lai_max', 'lai_diff', 'gvf_max', 'gvf_diff', 'soil_depth_pelletier', 'soil_depth_statsgo', 'soil_porosity', 'soil_conductivity', 'max_water_content', 'sand_frac', 'silt_frac', 'clay_frac', 'carbonate_rocks_frac', 'geol_permeability', 'p_mean', 'pet_mean', 'aridity', 'frac_snow', 'high_prec_freq', 'high_prec_dur', 'low_prec_freq', 'low_prec_dur', 'p_seasonality']
2024-08-11 11:15:54,286: target_variables: ['QObs(mm/d)']
2024-08-11 11:15:54,286: test_basin_file: 569_basin_file.txt
2024-08-11 11:15:54,286: test_end_date: 2010-09-30 00:00:00
2024-08-11 11:15:54,286: test_start_date: 2000-10-01 00:00:00
2024-08-11 11:15:54,286: train_basin_file: 569_basin_file.txt
2024-08-11 11:15:54,286: train_end_date: 2000-09-30 00:00:00
2024-08-11 11:15:54,286: train_start_date: 1980-10-01 00:00:00
2024-08-11 11:15:54,286: validate_every: 5
2024-08-11 11:15:54,286: validate_n_random_basins: 5
2024-08-11 11:15:54,286: validation_basin_file: 569_basin_file.txt
2024-08-11 11:15:54,286: validation_end_date: 2010-09-30 00:00:00
2024-08-11 11:15:54,286: validation_start_date: 2000-10-01 00:00:00
2024-08-11 11:15:54,286: number_of_basins: 569
2024-08-11 11:15:54,286: run_dir: /home/ame805/neuralhydrology_fork/camels_spat_scripts/experiment_scripts/runs/569_basins_camels_ealstm_333_1108_111554
2024-08-11 11:15:54,286: train_dir: /home/ame805/neuralhydrology_fork/camels_spat_scripts/experiment_scripts/runs/569_basins_camels_ealstm_333_1108_111554/train_data
2024-08-11 11:15:54,286: img_log_dir: /home/ame805/neuralhydrology_fork/camels_spat_scripts/experiment_scripts/runs/569_basins_camels_ealstm_333_1108_111554/img_log
2024-08-11 11:15:54,312: ### Device cuda:0 will be used for training
2024-08-11 11:15:54,698: Loading basin data into xarray data set.
2024-08-11 11:16:53,107: Calculating target variable stds per basin
2024-08-11 11:16:54,279: Create lookup table and convert to pytorch tensor
2024-08-11 12:09:34,899: Epoch 1 average loss: avg_loss: 0.03850, avg_total_loss: 0.03850
2024-08-11 12:59:25,146: Epoch 2 average loss: avg_loss: 0.02492, avg_total_loss: 0.02492
2024-08-11 13:51:52,343: Epoch 3 average loss: avg_loss: 0.02209, avg_total_loss: 0.02209
2024-08-11 14:44:31,542: Epoch 4 average loss: avg_loss: 0.02071, avg_total_loss: 0.02071
2024-08-11 15:38:09,929: Epoch 5 average loss: avg_loss: 0.02055, avg_total_loss: 0.02055
2024-08-11 15:38:17,225: Epoch 5 average validation loss: 0.01511 -- Median validation metrics: avg_loss: 0.01511, NSE: 0.77661, Alpha-NSE: 0.69861, Beta-NSE: 0.08721, FHV: -29.63240, FMS: -21.36338, FLV: 5.80800, KGE: 0.65853, Beta-KGE: 1.12607, Peak-Timing: 0.90909, Peak-MAPE: 41.74192, Pearson-r: 0.90939
2024-08-11 16:31:06,283: Epoch 6 average loss: avg_loss: 0.01890, avg_total_loss: 0.01890
2024-08-11 17:28:24,806: Epoch 7 average loss: avg_loss: 0.01825, avg_total_loss: 0.01825
2024-08-11 18:25:01,895: Epoch 8 average loss: avg_loss: 0.01755, avg_total_loss: 0.01755
2024-08-11 19:18:49,737: Epoch 9 average loss: avg_loss: 0.01722, avg_total_loss: 0.01722
2024-08-11 20:16:31,789: Epoch 10 average loss: avg_loss: 0.01667, avg_total_loss: 0.01667
2024-08-11 20:16:39,398: Epoch 10 average validation loss: 0.01620 -- Median validation metrics: avg_loss: 0.01620, NSE: 0.74619, Alpha-NSE: 0.98882, Beta-NSE: 0.08504, FHV: -2.37507, FMS: -21.73676, FLV: 29.21338, KGE: 0.78609, Beta-KGE: 1.15258, Peak-Timing: 0.26316, Peak-MAPE: 27.24498, Pearson-r: 0.88540
2024-08-11 20:16:39,399: Setting learning rate to 0.0005
2024-08-11 21:08:31,747: Epoch 11 average loss: avg_loss: 0.01506, avg_total_loss: 0.01506
2024-08-11 21:57:13,199: Epoch 12 average loss: avg_loss: 0.01467, avg_total_loss: 0.01467
2024-08-11 22:42:12,305: Epoch 13 average loss: avg_loss: 0.01428, avg_total_loss: 0.01428
2024-08-11 23:26:21,876: Epoch 14 average loss: avg_loss: 0.01407, avg_total_loss: 0.01407
2024-08-12 00:24:40,195: Epoch 15 average loss: avg_loss: 0.01384, avg_total_loss: 0.01384
2024-08-12 00:24:52,138: Epoch 15 average validation loss: 0.01945 -- Median validation metrics: avg_loss: 0.01945, NSE: 0.74137, Alpha-NSE: 0.80882, Beta-NSE: 0.06289, FHV: -18.93291, FMS: 6.92318, FLV: 0.08076, KGE: 0.67644, Beta-KGE: 1.16263, Peak-Timing: 0.77778, Peak-MAPE: 56.36231, Pearson-r: 0.86773
2024-08-12 01:49:12,651: Epoch 16 average loss: avg_loss: 0.01361, avg_total_loss: 0.01361
2024-08-12 03:14:03,136: Epoch 17 average loss: avg_loss: 0.01346, avg_total_loss: 0.01346
2024-08-12 04:38:51,887: Epoch 18 average loss: avg_loss: 0.01324, avg_total_loss: 0.01324
2024-08-12 06:00:20,524: Epoch 19 average loss: avg_loss: 0.01306, avg_total_loss: 0.01306
2024-08-12 07:22:05,431: Epoch 20 average loss: avg_loss: 0.01291, avg_total_loss: 0.01291
2024-08-12 07:22:17,789: Epoch 20 average validation loss: 0.01458 -- Median validation metrics: avg_loss: 0.01458, NSE: 0.57247, Alpha-NSE: 0.96623, Beta-NSE: 0.00026, FHV: -7.12818, FMS: -1.60198, FLV: 31.24227, KGE: 0.69868, Beta-KGE: 1.00167, Peak-Timing: 0.58333, Peak-MAPE: 39.17815, Pearson-r: 0.80847
2024-08-12 07:22:17,790: Setting learning rate to 1e-05
2024-08-12 08:43:34,845: Epoch 21 average loss: avg_loss: 0.01186, avg_total_loss: 0.01186
2024-08-12 10:27:40,070: Epoch 22 average loss: avg_loss: 0.01162, avg_total_loss: 0.01162
2024-08-12 13:18:11,492: Epoch 23 average loss: avg_loss: 0.01150, avg_total_loss: 0.01150
2024-08-12 15:50:00,648: Epoch 24 average loss: avg_loss: 0.01140, avg_total_loss: 0.01140
2024-08-12 17:30:29,068: Epoch 25 average loss: avg_loss: 0.01135, avg_total_loss: 0.01135
2024-08-12 17:30:42,588: Epoch 25 average validation loss: 0.02213 -- Median validation metrics: avg_loss: 0.02213, NSE: 0.61144, Alpha-NSE: 0.98057, Beta-NSE: 0.01707, FHV: 0.69436, FMS: -0.06040, FLV: -62.97052, KGE: 0.70631, Beta-KGE: 1.05858, Peak-Timing: 0.83333, Peak-MAPE: 50.93759, Pearson-r: 0.78297
2024-08-12 19:11:46,032: Epoch 26 average loss: avg_loss: 0.01132, avg_total_loss: 0.01132
2024-08-12 20:53:35,407: Epoch 27 average loss: avg_loss: 0.01128, avg_total_loss: 0.01128
2024-08-12 22:36:41,924: Epoch 28 average loss: avg_loss: 0.01124, avg_total_loss: 0.01124
2024-08-13 00:22:21,065: Epoch 29 average loss: avg_loss: 0.01119, avg_total_loss: 0.01119
2024-08-13 02:06:49,647: Epoch 30 average loss: avg_loss: 0.01121, avg_total_loss: 0.01121
2024-08-13 02:07:03,518: Epoch 30 average validation loss: 0.02888 -- Median validation metrics: avg_loss: 0.02888, NSE: 0.58856, Alpha-NSE: 0.95713, Beta-NSE: 0.00621, FHV: 7.25293, FMS: -8.59401, FLV: -117.34024, KGE: 0.78534, Beta-KGE: 1.02084, Peak-Timing: 0.37500, Peak-MAPE: 49.33549, Pearson-r: 0.80972
2024-08-13 02:07:05,878: Using the model weights from runs/569_basins_camels_ealstm_333_1108_111554/model_epoch030.pt
2024-08-13 02:33:07,881: Stored metrics at runs/569_basins_camels_ealstm_333_1108_111554/test/model_epoch030/test_metrics_seed333.csv
2024-08-13 02:33:08,410: Stored results at runs/569_basins_camels_ealstm_333_1108_111554/test/model_epoch030/test_results.p
2024-08-13 02:33:08,447: Logging to /home/ame805/neuralhydrology_fork/camels_spat_scripts/experiment_scripts/runs/569_basins_camels_ealstm_444_1308_023308/output.log initialized.
2024-08-13 02:33:08,448: ### Folder structure created at /home/ame805/neuralhydrology_fork/camels_spat_scripts/experiment_scripts/runs/569_basins_camels_ealstm_444_1308_023308
2024-08-13 02:33:08,448: ### Run configurations for 569_basins_camels_ealstm_444
2024-08-13 02:33:08,448: batch_size: 256
2024-08-13 02:33:08,448: clip_gradient_norm: 1
2024-08-13 02:33:08,448: clip_targets_to_zero: ['QObs(mm/d)']
2024-08-13 02:33:08,449: data_dir: ../../../../../gladwell/hydrology/SUMMA/summa-ml-models/CAMELS_US
2024-08-13 02:33:08,449: dataset: camels_us
2024-08-13 02:33:08,449: device: cuda:0
2024-08-13 02:33:08,449: dynamic_inputs: ['prcp(mm/day)', 'tmin(C)', 'tmax(C)', 'srad(W/m2)', 'vp(Pa)']
2024-08-13 02:33:08,449: epochs: 30
2024-08-13 02:33:08,449: experiment_name: 569_basins_camels_ealstm_444
2024-08-13 02:33:08,449: forcings: daymet
2024-08-13 02:33:08,449: head: regression
2024-08-13 02:33:08,450: hidden_size: [256]
2024-08-13 02:33:08,450: initial_forget_bias: 5
2024-08-13 02:33:08,450: learning_rate: {0: 0.001, 11: 0.0005, 21: 1e-05}
2024-08-13 02:33:08,450: log_interval: 5
2024-08-13 02:33:08,450: log_n_figures: 2
2024-08-13 02:33:08,450: log_tensorboard: True
2024-08-13 02:33:08,450: loss: NSE
2024-08-13 02:33:08,451: metrics: ['NSE', 'Alpha-NSE', 'Beta-NSE', 'FHV', 'FMS', 'FLV', 'KGE', 'Beta-KGE', 'Peak-Timing', 'Peak-MAPE', 'Pearson-r']
2024-08-13 02:33:08,451: model: ealstm
2024-08-13 02:33:08,451: num_workers: 16
2024-08-13 02:33:08,451: optimizer: Adam
2024-08-13 02:33:08,451: output_activation: linear
2024-08-13 02:33:08,451: output_dropout: 0.4
2024-08-13 02:33:08,451: predict_last_n: 1
2024-08-13 02:33:08,451: save_weights_every: 5
2024-08-13 02:33:08,452: seed: 444
2024-08-13 02:33:08,452: seq_length: 270
2024-08-13 02:33:08,452: static_attributes: ['elev_mean', 'slope_mean', 'area_gages2', 'frac_forest', 'lai_max', 'lai_diff', 'gvf_max', 'gvf_diff', 'soil_depth_pelletier', 'soil_depth_statsgo', 'soil_porosity', 'soil_conductivity', 'max_water_content', 'sand_frac', 'silt_frac', 'clay_frac', 'carbonate_rocks_frac', 'geol_permeability', 'p_mean', 'pet_mean', 'aridity', 'frac_snow', 'high_prec_freq', 'high_prec_dur', 'low_prec_freq', 'low_prec_dur', 'p_seasonality']
2024-08-13 02:33:08,452: target_variables: ['QObs(mm/d)']
2024-08-13 02:33:08,452: test_basin_file: 569_basin_file.txt
2024-08-13 02:33:08,452: test_end_date: 2010-09-30 00:00:00
2024-08-13 02:33:08,453: test_start_date: 2000-10-01 00:00:00
2024-08-13 02:33:08,453: train_basin_file: 569_basin_file.txt
2024-08-13 02:33:08,453: train_end_date: 2000-09-30 00:00:00
2024-08-13 02:33:08,453: train_start_date: 1980-10-01 00:00:00
2024-08-13 02:33:08,453: validate_every: 5
2024-08-13 02:33:08,453: validate_n_random_basins: 5
2024-08-13 02:33:08,453: validation_basin_file: 569_basin_file.txt
2024-08-13 02:33:08,454: validation_end_date: 2010-09-30 00:00:00
2024-08-13 02:33:08,454: validation_start_date: 2000-10-01 00:00:00
2024-08-13 02:33:08,454: number_of_basins: 569
2024-08-13 02:33:08,454: run_dir: /home/ame805/neuralhydrology_fork/camels_spat_scripts/experiment_scripts/runs/569_basins_camels_ealstm_444_1308_023308
2024-08-13 02:33:08,454: train_dir: /home/ame805/neuralhydrology_fork/camels_spat_scripts/experiment_scripts/runs/569_basins_camels_ealstm_444_1308_023308/train_data
2024-08-13 02:33:08,454: img_log_dir: /home/ame805/neuralhydrology_fork/camels_spat_scripts/experiment_scripts/runs/569_basins_camels_ealstm_444_1308_023308/img_log
2024-08-13 02:33:08,455: ### Device cuda:0 will be used for training
2024-08-13 02:33:09,235: Loading basin data into xarray data set.
2024-08-13 02:35:30,479: Calculating target variable stds per basin
2024-08-13 02:35:32,881: Create lookup table and convert to pytorch tensor
2024-08-13 04:19:05,782: Epoch 1 average loss: avg_loss: 0.03771, avg_total_loss: 0.03771
2024-08-13 06:00:08,082: Epoch 2 average loss: avg_loss: 0.02536, avg_total_loss: 0.02536
2024-08-13 07:41:53,888: Epoch 3 average loss: avg_loss: 0.02284, avg_total_loss: 0.02284
2024-08-13 09:23:56,838: Epoch 4 average loss: avg_loss: 0.02124, avg_total_loss: 0.02124
2024-08-13 11:05:23,474: Epoch 5 average loss: avg_loss: 0.02012, avg_total_loss: 0.02012
2024-08-13 11:05:37,229: Epoch 5 average validation loss: 0.02026 -- Median validation metrics: avg_loss: 0.02026, NSE: 0.69685, Alpha-NSE: 0.61925, Beta-NSE: -0.02240, FHV: -38.92353, FMS: -33.92614, FLV: -46.85587, KGE: 0.59064, Beta-KGE: 0.92003, Peak-Timing: 0.30000, Peak-MAPE: 47.01121, Pearson-r: 0.86117
2024-08-13 12:47:14,903: Epoch 6 average loss: avg_loss: 0.01936, avg_total_loss: 0.01936
2024-08-13 14:30:52,746: Epoch 7 average loss: avg_loss: 0.01891, avg_total_loss: 0.01891
2024-08-13 16:12:21,072: Epoch 8 average loss: avg_loss: 0.01972, avg_total_loss: 0.01972
2024-08-13 17:56:47,525: Epoch 9 average loss: avg_loss: 0.01784, avg_total_loss: 0.01784
2024-08-13 19:43:38,364: Epoch 10 average loss: avg_loss: 0.01761, avg_total_loss: 0.01761
2024-08-13 19:43:51,548: Epoch 10 average validation loss: 0.01627 -- Median validation metrics: avg_loss: 0.01627, NSE: 0.68093, Alpha-NSE: 0.75677, Beta-NSE: -0.03395, FHV: -22.88800, FMS: 8.24830, FLV: -10.61906, KGE: 0.73102, Beta-KGE: 0.92109, Peak-Timing: 0.70000, Peak-MAPE: 42.88901, Pearson-r: 0.85847
2024-08-13 19:43:51,551: Setting learning rate to 0.0005
2024-08-13 21:28:07,263: Epoch 11 average loss: avg_loss: 0.01584, avg_total_loss: 0.01584
2024-08-13 23:13:27,828: Epoch 12 average loss: avg_loss: 0.01555, avg_total_loss: 0.01555
2024-08-14 00:54:29,539: Epoch 13 average loss: avg_loss: 0.01525, avg_total_loss: 0.01525
2024-08-14 02:34:51,523: Epoch 14 average loss: avg_loss: 0.01500, avg_total_loss: 0.01500
2024-08-14 04:14:19,272: Epoch 15 average loss: avg_loss: 0.01478, avg_total_loss: 0.01478
2024-08-14 04:14:34,461: Epoch 15 average validation loss: 0.02118 -- Median validation metrics: avg_loss: 0.02118, NSE: 0.65408, Alpha-NSE: 0.79463, Beta-NSE: 0.01147, FHV: -21.67090, FMS: -10.50728, FLV: -277.67229, KGE: 0.76972, Beta-KGE: 1.01386, Peak-Timing: 0.47619, Peak-MAPE: 45.71030, Pearson-r: 0.84205
2024-08-14 05:53:45,080: Epoch 16 average loss: avg_loss: 0.01456, avg_total_loss: 0.01456
2024-08-14 07:33:15,208: Epoch 17 average loss: avg_loss: 0.01448, avg_total_loss: 0.01448
2024-08-14 08:45:30,931: Epoch 18 average loss: avg_loss: 0.01420, avg_total_loss: 0.01420
2024-12-08 16:50:19,934: Logging to Aruns_569_hoge22_ealstm/569_basins_camels_ealstm_333_1108_111554/output.log initialized.
2024-12-08 16:50:20,143: Using the model weights from Aruns_569_hoge22_ealstm/569_basins_camels_ealstm_333_1108_111554/model_epoch030.pt
2024-12-08 17:00:14,073: Stored metrics at Aruns_569_hoge22_ealstm/569_basins_camels_ealstm_333_1108_111554/test/model_epoch030/test_metrics_seed333.csv
2024-12-08 17:00:14,283: Stored results at Aruns_569_hoge22_ealstm/569_basins_camels_ealstm_333_1108_111554/test/model_epoch030/test_results.p
