2024-12-02 21:31:59,762: Logging to /home/ame805/neuralhydrology_fork/camels_spat_scripts/experiment_scripts/runs/663_espinoza22_lstm_multi_3dyn22static_333_241202_213159/output.log initialized.
2024-12-02 21:31:59,762: ### Folder structure created at /home/ame805/neuralhydrology_fork/camels_spat_scripts/experiment_scripts/runs/663_espinoza22_lstm_multi_3dyn22static_333_241202_213159
2024-12-02 21:31:59,762: ### Run configurations for 663_espinoza22_lstm_multi_3dyn22static_333
2024-12-02 21:31:59,762: batch_size: 256
2024-12-02 21:31:59,762: clip_gradient_norm: 1
2024-12-02 21:31:59,762: clip_targets_to_zero: ['discharge_spec']
2024-12-02 21:31:59,762: data_dir: ../../../../../gladwell/hydrology/SUMMA/summa-ml-models/CAMELS_GB
2024-12-02 21:31:59,762: dataset: camels_gb
2024-12-02 21:31:59,762: device: cuda:0
2024-12-02 21:31:59,762: dynamic_inputs: ['precipitation', 'temperature', 'pet', 'shortwave_rad']
2024-12-02 21:31:59,762: epochs: 30
2024-12-02 21:31:59,762: experiment_name: 663_espinoza22_lstm_multi_3dyn22static_333
2024-12-02 21:31:59,762: head: regression
2024-12-02 21:31:59,762: hidden_size: [256]
2024-12-02 21:31:59,762: initial_forget_bias: 5
2024-12-02 21:31:59,762: learning_rate: {0: 0.001, 11: 0.0005, 21: 1e-05}
2024-12-02 21:31:59,762: log_interval: 5
2024-12-02 21:31:59,762: log_n_figures: 2
2024-12-02 21:31:59,762: log_tensorboard: True
2024-12-02 21:31:59,762: loss: NSE
2024-12-02 21:31:59,762: metrics: ['NSE', 'Alpha-NSE', 'Beta-NSE', 'FHV', 'FMS', 'FLV', 'KGE', 'Beta-KGE', 'Peak-Timing', 'Peak-MAPE', 'Pearson-r']
2024-12-02 21:31:59,762: model: cudalstm
2024-12-02 21:31:59,763: num_workers: 16
2024-12-02 21:31:59,763: optimizer: Adam
2024-12-02 21:31:59,763: output_activation: linear
2024-12-02 21:31:59,763: output_dropout: 0.4
2024-12-02 21:31:59,763: predict_last_n: 1
2024-12-02 21:31:59,763: save_weights_every: 5
2024-12-02 21:31:59,763: seed: 333
2024-12-02 21:31:59,763: seq_length: 270
2024-12-02 21:31:59,763: static_attributes: ['area', 'elev_mean', 'dpsbar', 'sand_perc', 'silt_perc', 'clay_perc', 'porosity_hypres', 'conductivity_hypres', 'soil_depth_pelletier', 'frac_snow', 'dwood_perc', 'ewood_perc', 'crop_perc', 'urban_perc', 'reservoir_cap', 'p_mean', 'pet_mean', 'p_seasonality', 'high_prec_freq', 'high_prec_dur', 'low_prec_freq', 'low_prec_dur']
2024-12-02 21:31:59,763: target_variables: ['discharge_vol']
2024-12-02 21:31:59,763: test_basin_file: 663_basin_camels-gb.txt
2024-12-02 21:31:59,763: test_end_date: 2008-12-31 00:00:00
2024-12-02 21:31:59,763: test_start_date: 1998-01-01 00:00:00
2024-12-02 21:31:59,763: train_basin_file: 663_basin_camels-gb.txt
2024-12-02 21:31:59,763: train_end_date: 1997-12-31 00:00:00
2024-12-02 21:31:59,763: train_start_date: 1980-10-01 00:00:00
2024-12-02 21:31:59,763: validate_every: 5
2024-12-02 21:31:59,763: validate_n_random_basins: 5
2024-12-02 21:31:59,763: validation_basin_file: 663_basin_camels-gb.txt
2024-12-02 21:31:59,763: validation_end_date: 1980-09-30 00:00:00
2024-12-02 21:31:59,763: validation_start_date: 1975-10-01 00:00:00
2024-12-02 21:31:59,763: number_of_basins: 663
2024-12-02 21:31:59,763: run_dir: /home/ame805/neuralhydrology_fork/camels_spat_scripts/experiment_scripts/runs/663_espinoza22_lstm_multi_3dyn22static_333_241202_213159
2024-12-02 21:31:59,763: train_dir: /home/ame805/neuralhydrology_fork/camels_spat_scripts/experiment_scripts/runs/663_espinoza22_lstm_multi_3dyn22static_333_241202_213159/train_data
2024-12-02 21:31:59,763: img_log_dir: /home/ame805/neuralhydrology_fork/camels_spat_scripts/experiment_scripts/runs/663_espinoza22_lstm_multi_3dyn22static_333_241202_213159/img_log
2024-12-02 21:31:59,788: ### Device cuda:0 will be used for training
2024-12-02 21:32:00,081: Loading basin data into xarray data set.
2024-12-02 21:32:24,814: Calculating target variable stds per basin
2024-12-02 21:32:25,668: Create lookup table and convert to pytorch tensor
2024-12-02 21:40:54,088: Epoch 1 average loss: avg_loss: 0.00199, avg_total_loss: 0.00199
2024-12-02 21:49:11,003: Epoch 2 average loss: avg_loss: 0.00047, avg_total_loss: 0.00047
2024-12-02 21:57:29,900: Epoch 3 average loss: avg_loss: 0.00035, avg_total_loss: 0.00035
2024-12-02 22:05:49,693: Epoch 4 average loss: avg_loss: 0.00094, avg_total_loss: 0.00094
2024-12-02 22:13:52,174: Epoch 5 average loss: avg_loss: 0.00028, avg_total_loss: 0.00028
2024-12-02 22:13:53,465: The following basins had not enough valid target values to calculate a standard deviation: 15014. NSE loss values for this basin will be NaN.
2024-12-02 22:13:55,159: Epoch 5 average validation loss: 0.00030 -- Median validation metrics: avg_loss: 0.00030, NSE: 0.82194, Alpha-NSE: 0.77207, Beta-NSE: 0.07463, FHV: -21.97648, FMS: -26.38520, FLV: 56.72288, KGE: 0.75536, Beta-KGE: 1.07729, Peak-Timing: 0.13393, Peak-MAPE: 31.75379, Pearson-r: 0.93436
2024-12-02 22:22:12,151: Epoch 6 average loss: avg_loss: 0.00026, avg_total_loss: 0.00026
2024-12-02 22:30:35,036: Epoch 7 average loss: avg_loss: 0.00025, avg_total_loss: 0.00025
2024-12-02 22:38:54,007: Epoch 8 average loss: avg_loss: 0.00087, avg_total_loss: 0.00087
2024-12-02 22:47:15,292: Epoch 9 average loss: avg_loss: 0.00024, avg_total_loss: 0.00024
2024-12-02 22:55:26,886: Epoch 10 average loss: avg_loss: 0.00025, avg_total_loss: 0.00025
2024-12-02 22:55:27,273: The following basins had not enough valid target values to calculate a standard deviation: 27084. NSE loss values for this basin will be NaN.
2024-12-02 22:55:29,294: Epoch 10 average validation loss: 0.00029 -- Median validation metrics: avg_loss: 0.00029, NSE: 0.81375, Alpha-NSE: 0.82514, Beta-NSE: -0.05550, FHV: -18.66244, FMS: -8.09863, FLV: -31.50090, KGE: 0.70802, Beta-KGE: 0.93352, Peak-Timing: 0.08333, Peak-MAPE: 31.37283, Pearson-r: 0.92451
2024-12-02 22:55:29,294: Setting learning rate to 0.0005
2024-12-02 23:03:42,951: Epoch 11 average loss: avg_loss: 0.00021, avg_total_loss: 0.00021
2024-12-02 23:12:01,045: Epoch 12 average loss: avg_loss: 0.00020, avg_total_loss: 0.00020
2024-12-02 23:20:12,846: Epoch 13 average loss: avg_loss: 0.00020, avg_total_loss: 0.00020
2024-12-02 23:28:31,704: Epoch 14 average loss: avg_loss: 0.00019, avg_total_loss: 0.00019
2024-12-02 23:36:38,741: Epoch 15 average loss: avg_loss: 0.00019, avg_total_loss: 0.00019
2024-12-02 23:36:39,123: The following basins had not enough valid target values to calculate a standard deviation: 83013. NSE loss values for this basin will be NaN.
2024-12-02 23:36:41,157: Epoch 15 average validation loss: 0.00019 -- Median validation metrics: avg_loss: 0.00019, NSE: 0.86571, Alpha-NSE: 0.92669, Beta-NSE: -0.01516, FHV: -9.46900, FMS: 8.18296, FLV: 4.52388, KGE: 0.87545, Beta-KGE: 0.98217, Peak-Timing: 0.17094, Peak-MAPE: 24.68858, Pearson-r: 0.93621
2024-12-02 23:44:56,471: Epoch 16 average loss: avg_loss: 0.00019, avg_total_loss: 0.00019
2024-12-02 23:53:08,320: Epoch 17 average loss: avg_loss: 0.00019, avg_total_loss: 0.00019
2024-12-03 00:01:21,334: Epoch 18 average loss: avg_loss: 0.00018, avg_total_loss: 0.00018
2024-12-03 00:09:36,340: Epoch 19 average loss: avg_loss: 0.00018, avg_total_loss: 0.00018
2024-12-03 00:17:55,786: Epoch 20 average loss: avg_loss: 0.00018, avg_total_loss: 0.00018
2024-12-03 00:17:56,198: The following basins had not enough valid target values to calculate a standard deviation: 11004. NSE loss values for this basin will be NaN.
2024-12-03 00:17:56,722: The following basins had not enough valid target values to calculate a standard deviation: 1001. NSE loss values for this basin will be NaN.
2024-12-03 00:17:58,482: Epoch 20 average validation loss: 0.00021 -- Median validation metrics: avg_loss: 0.00021, NSE: 0.87108, Alpha-NSE: 1.03077, Beta-NSE: 0.06132, FHV: 1.76863, FMS: -1.88046, FLV: 23.73570, KGE: 0.89233, Beta-KGE: 1.07886, Peak-Timing: 0.09091, Peak-MAPE: 19.63174, Pearson-r: 0.94287
2024-12-03 00:17:58,482: Setting learning rate to 1e-05
2024-12-03 00:26:14,872: Epoch 21 average loss: avg_loss: 0.00016, avg_total_loss: 0.00016
2024-12-03 00:34:32,422: Epoch 22 average loss: avg_loss: 0.00016, avg_total_loss: 0.00016
2024-12-03 00:42:47,191: Epoch 23 average loss: avg_loss: 0.00016, avg_total_loss: 0.00016
2024-12-03 00:51:02,651: Epoch 24 average loss: avg_loss: 0.00016, avg_total_loss: 0.00016
2024-12-03 00:59:20,717: Epoch 25 average loss: avg_loss: 0.00016, avg_total_loss: 0.00016
2024-12-03 00:59:22,226: The following basins had not enough valid target values to calculate a standard deviation: 23016. NSE loss values for this basin will be NaN.
2024-12-03 00:59:23,716: Epoch 25 average validation loss: 0.00015 -- Median validation metrics: avg_loss: 0.00015, NSE: 0.88767, Alpha-NSE: 0.93007, Beta-NSE: -0.05692, FHV: -6.67738, FMS: 1.39301, FLV: 15.51153, KGE: 0.83197, Beta-KGE: 0.93422, Peak-Timing: 0.11111, Peak-MAPE: 27.72962, Pearson-r: 0.95060
2024-12-03 01:07:42,866: Epoch 26 average loss: avg_loss: 0.00016, avg_total_loss: 0.00016
2024-12-03 01:15:57,238: Epoch 27 average loss: avg_loss: 0.00016, avg_total_loss: 0.00016
2024-12-03 01:24:16,193: Epoch 28 average loss: avg_loss: 0.00016, avg_total_loss: 0.00016
2024-12-03 01:32:34,213: Epoch 29 average loss: avg_loss: 0.00016, avg_total_loss: 0.00016
2024-12-03 01:40:49,446: Epoch 30 average loss: avg_loss: 0.00016, avg_total_loss: 0.00016
2024-12-03 01:40:49,546: The following basins had not enough valid target values to calculate a standard deviation: 90003. NSE loss values for this basin will be NaN.
2024-12-03 01:40:51,836: Epoch 30 average validation loss: 0.00022 -- Median validation metrics: avg_loss: 0.00022, NSE: 0.78894, Alpha-NSE: 1.07160, Beta-NSE: -0.06487, FHV: 3.00010, FMS: 6.92992, FLV: 7.05328, KGE: 0.76978, Beta-KGE: 0.98818, Peak-Timing: 0.21329, Peak-MAPE: 23.40509, Pearson-r: 0.93437
2024-12-03 01:40:52,718: Using the model weights from runs/663_espinoza22_lstm_multi_3dyn22static_333_241202_213159/model_epoch030.pt
2024-12-03 01:41:20,026: The following basins had not enough valid target values to calculate a standard deviation: 18017. NSE loss values for this basin will be NaN.
2024-12-03 01:41:21,032: The following basins had not enough valid target values to calculate a standard deviation: 18018. NSE loss values for this basin will be NaN.
2024-12-03 01:45:59,263: Stored metrics at runs/663_espinoza22_lstm_multi_3dyn22static_333_241202_213159/test/model_epoch030/test_metrics_seed333.csv
2024-12-03 01:45:59,511: Stored results at runs/663_espinoza22_lstm_multi_3dyn22static_333_241202_213159/test/model_epoch030/test_results.p
2024-12-03 01:45:59,527: Logging to /home/ame805/neuralhydrology_fork/camels_spat_scripts/experiment_scripts/runs/663_espinoza22_lstm_multi_3dyn22static_444_241203_014559/output.log initialized.
2024-12-03 01:45:59,528: ### Folder structure created at /home/ame805/neuralhydrology_fork/camels_spat_scripts/experiment_scripts/runs/663_espinoza22_lstm_multi_3dyn22static_444_241203_014559
2024-12-03 01:45:59,528: ### Run configurations for 663_espinoza22_lstm_multi_3dyn22static_444
2024-12-03 01:45:59,528: batch_size: 256
2024-12-03 01:45:59,528: clip_gradient_norm: 1
2024-12-03 01:45:59,528: clip_targets_to_zero: ['discharge_spec']
2024-12-03 01:45:59,528: data_dir: ../../../../../gladwell/hydrology/SUMMA/summa-ml-models/CAMELS_GB
2024-12-03 01:45:59,528: dataset: camels_gb
2024-12-03 01:45:59,528: device: cuda:0
2024-12-03 01:45:59,528: dynamic_inputs: ['precipitation', 'temperature', 'pet', 'shortwave_rad']
2024-12-03 01:45:59,528: epochs: 30
2024-12-03 01:45:59,528: experiment_name: 663_espinoza22_lstm_multi_3dyn22static_444
2024-12-03 01:45:59,528: head: regression
2024-12-03 01:45:59,528: hidden_size: [256]
2024-12-03 01:45:59,528: initial_forget_bias: 5
2024-12-03 01:45:59,528: learning_rate: {0: 0.001, 11: 0.0005, 21: 1e-05}
2024-12-03 01:45:59,528: log_interval: 5
2024-12-03 01:45:59,528: log_n_figures: 2
2024-12-03 01:45:59,528: log_tensorboard: True
2024-12-03 01:45:59,528: loss: NSE
2024-12-03 01:45:59,528: metrics: ['NSE', 'Alpha-NSE', 'Beta-NSE', 'FHV', 'FMS', 'FLV', 'KGE', 'Beta-KGE', 'Peak-Timing', 'Peak-MAPE', 'Pearson-r']
2024-12-03 01:45:59,528: model: cudalstm
2024-12-03 01:45:59,528: num_workers: 16
2024-12-03 01:45:59,528: optimizer: Adam
2024-12-03 01:45:59,528: output_activation: linear
2024-12-03 01:45:59,528: output_dropout: 0.4
2024-12-03 01:45:59,528: predict_last_n: 1
2024-12-03 01:45:59,528: save_weights_every: 5
2024-12-03 01:45:59,529: seed: 444
2024-12-03 01:45:59,529: seq_length: 270
2024-12-03 01:45:59,529: static_attributes: ['area', 'elev_mean', 'dpsbar', 'sand_perc', 'silt_perc', 'clay_perc', 'porosity_hypres', 'conductivity_hypres', 'soil_depth_pelletier', 'frac_snow', 'dwood_perc', 'ewood_perc', 'crop_perc', 'urban_perc', 'reservoir_cap', 'p_mean', 'pet_mean', 'p_seasonality', 'high_prec_freq', 'high_prec_dur', 'low_prec_freq', 'low_prec_dur']
2024-12-03 01:45:59,529: target_variables: ['discharge_vol']
2024-12-03 01:45:59,529: test_basin_file: 663_basin_camels-gb.txt
2024-12-03 01:45:59,529: test_end_date: 2008-12-31 00:00:00
2024-12-03 01:45:59,529: test_start_date: 1998-01-01 00:00:00
2024-12-03 01:45:59,529: train_basin_file: 663_basin_camels-gb.txt
2024-12-03 01:45:59,529: train_end_date: 1997-12-31 00:00:00
2024-12-03 01:45:59,529: train_start_date: 1980-10-01 00:00:00
2024-12-03 01:45:59,529: validate_every: 5
2024-12-03 01:45:59,529: validate_n_random_basins: 5
2024-12-03 01:45:59,529: validation_basin_file: 663_basin_camels-gb.txt
2024-12-03 01:45:59,529: validation_end_date: 1980-09-30 00:00:00
2024-12-03 01:45:59,529: validation_start_date: 1975-10-01 00:00:00
2024-12-03 01:45:59,529: number_of_basins: 663
2024-12-03 01:45:59,529: run_dir: /home/ame805/neuralhydrology_fork/camels_spat_scripts/experiment_scripts/runs/663_espinoza22_lstm_multi_3dyn22static_444_241203_014559
2024-12-03 01:45:59,529: train_dir: /home/ame805/neuralhydrology_fork/camels_spat_scripts/experiment_scripts/runs/663_espinoza22_lstm_multi_3dyn22static_444_241203_014559/train_data
2024-12-03 01:45:59,529: img_log_dir: /home/ame805/neuralhydrology_fork/camels_spat_scripts/experiment_scripts/runs/663_espinoza22_lstm_multi_3dyn22static_444_241203_014559/img_log
2024-12-03 01:45:59,529: ### Device cuda:0 will be used for training
2024-12-03 01:45:59,820: Loading basin data into xarray data set.
2024-12-03 01:46:22,361: Calculating target variable stds per basin
2024-12-03 01:46:23,120: Create lookup table and convert to pytorch tensor
2024-12-03 01:54:41,408: Epoch 1 average loss: avg_loss: 0.00195, avg_total_loss: 0.00195
2024-12-03 02:02:59,763: Epoch 2 average loss: avg_loss: 0.00053, avg_total_loss: 0.00053
2024-12-03 02:11:16,024: Epoch 3 average loss: avg_loss: 0.00036, avg_total_loss: 0.00036
2024-12-03 02:19:28,416: Epoch 4 average loss: avg_loss: 0.00031, avg_total_loss: 0.00031
2024-12-03 02:27:47,634: Epoch 5 average loss: avg_loss: 0.00028, avg_total_loss: 0.00028
2024-12-03 02:27:50,230: Epoch 5 average validation loss: 0.00035 -- Median validation metrics: avg_loss: 0.00035, NSE: 0.84582, Alpha-NSE: 1.02683, Beta-NSE: 0.06140, FHV: 1.48518, FMS: 5.16941, FLV: -36.70944, KGE: 0.90705, Beta-KGE: 1.05500, Peak-Timing: 0.27273, Peak-MAPE: 21.06205, Pearson-r: 0.92238
2024-12-03 02:36:04,252: Epoch 6 average loss: avg_loss: 0.00026, avg_total_loss: 0.00026
2024-12-03 02:44:22,261: Epoch 7 average loss: avg_loss: 0.00025, avg_total_loss: 0.00025
2024-12-03 02:52:40,017: Epoch 8 average loss: avg_loss: 0.00043, avg_total_loss: 0.00043
2024-12-03 03:00:46,220: Epoch 9 average loss: avg_loss: 0.00027, avg_total_loss: 0.00027
2024-12-03 03:09:05,458: Epoch 10 average loss: avg_loss: 0.00023, avg_total_loss: 0.00023
2024-12-03 03:09:07,735: Epoch 10 average validation loss: 0.00026 -- Median validation metrics: avg_loss: 0.00026, NSE: 0.81194, Alpha-NSE: 0.72977, Beta-NSE: -0.08220, FHV: -26.91065, FMS: -11.83229, FLV: 41.47023, KGE: 0.65549, Beta-KGE: 0.86601, Peak-Timing: 0.16667, Peak-MAPE: 33.76303, Pearson-r: 0.93401
2024-12-03 03:09:07,735: Setting learning rate to 0.0005
2024-12-03 03:17:20,120: Epoch 11 average loss: avg_loss: 0.00020, avg_total_loss: 0.00020
2024-12-03 03:25:36,101: Epoch 12 average loss: avg_loss: 0.00020, avg_total_loss: 0.00020
2024-12-03 03:33:55,609: Epoch 13 average loss: avg_loss: 0.00019, avg_total_loss: 0.00019
2024-12-03 03:42:06,197: Epoch 14 average loss: avg_loss: 0.00019, avg_total_loss: 0.00019
2024-12-03 03:50:23,215: Epoch 15 average loss: avg_loss: 0.00019, avg_total_loss: 0.00019
2024-12-03 03:50:23,938: The following basins had not enough valid target values to calculate a standard deviation: 1001. NSE loss values for this basin will be NaN.
2024-12-03 03:50:25,761: Epoch 15 average validation loss: 0.00029 -- Median validation metrics: avg_loss: 0.00029, NSE: 0.86816, Alpha-NSE: 0.96358, Beta-NSE: 0.00917, FHV: -2.50686, FMS: -2.12716, FLV: 26.09205, KGE: 0.91247, Beta-KGE: 1.01145, Peak-Timing: 0.21111, Peak-MAPE: 25.44919, Pearson-r: 0.93255
2024-12-03 03:58:43,282: Epoch 16 average loss: avg_loss: 0.00018, avg_total_loss: 0.00018
2024-12-03 04:06:59,108: Epoch 17 average loss: avg_loss: 0.00018, avg_total_loss: 0.00018
2024-12-03 04:15:18,924: Epoch 18 average loss: avg_loss: 0.00018, avg_total_loss: 0.00018
2024-12-03 04:23:39,192: Epoch 19 average loss: avg_loss: 0.00018, avg_total_loss: 0.00018
2024-12-03 04:31:57,802: Epoch 20 average loss: avg_loss: 0.00018, avg_total_loss: 0.00018
2024-12-03 04:32:00,035: Epoch 20 average validation loss: 0.00017 -- Median validation metrics: avg_loss: 0.00017, NSE: 0.89770, Alpha-NSE: 0.99919, Beta-NSE: -0.03822, FHV: 2.75268, FMS: 3.74048, FLV: -32.87532, KGE: 0.87607, Beta-KGE: 0.95945, Peak-Timing: 0.57143, Peak-MAPE: 23.47625, Pearson-r: 0.95413
2024-12-03 04:32:00,035: Setting learning rate to 1e-05
2024-12-03 04:40:17,783: Epoch 21 average loss: avg_loss: 0.00016, avg_total_loss: 0.00016
2024-12-03 04:48:36,213: Epoch 22 average loss: avg_loss: 0.00016, avg_total_loss: 0.00016
2024-12-03 04:56:53,719: Epoch 23 average loss: avg_loss: 0.00016, avg_total_loss: 0.00016
2024-12-03 05:05:10,888: Epoch 24 average loss: avg_loss: 0.00016, avg_total_loss: 0.00016
2024-12-03 05:13:25,802: Epoch 25 average loss: avg_loss: 0.00016, avg_total_loss: 0.00016
2024-12-03 05:13:26,931: The following basins had not enough valid target values to calculate a standard deviation: 15039. NSE loss values for this basin will be NaN.
2024-12-03 05:13:28,075: Epoch 25 average validation loss: 0.00017 -- Median validation metrics: avg_loss: 0.00017, NSE: 0.85464, Alpha-NSE: 0.99580, Beta-NSE: 0.14749, FHV: -0.65449, FMS: -15.15246, FLV: 15.35054, KGE: 0.78882, Beta-KGE: 1.14796, Peak-Timing: 0.25000, Peak-MAPE: 24.37023, Pearson-r: 0.94499
2024-12-03 05:21:45,531: Epoch 26 average loss: avg_loss: 0.00015, avg_total_loss: 0.00015
2024-12-03 05:30:02,483: Epoch 27 average loss: avg_loss: 0.00015, avg_total_loss: 0.00015
2024-12-03 05:38:10,005: Epoch 28 average loss: avg_loss: 0.00015, avg_total_loss: 0.00015
2024-12-03 05:46:21,595: Epoch 29 average loss: avg_loss: 0.00015, avg_total_loss: 0.00015
2024-12-03 05:54:32,226: Epoch 30 average loss: avg_loss: 0.00015, avg_total_loss: 0.00015
2024-12-03 05:54:34,157: Epoch 30 average validation loss: 0.00023 -- Median validation metrics: avg_loss: 0.00023, NSE: 0.89482, Alpha-NSE: 0.91959, Beta-NSE: -0.06106, FHV: -8.07309, FMS: -3.86623, FLV: 22.95787, KGE: 0.88360, Beta-KGE: 0.92650, Peak-Timing: 0.30000, Peak-MAPE: 22.52548, Pearson-r: 0.94851
2024-12-03 05:54:34,940: Using the model weights from runs/663_espinoza22_lstm_multi_3dyn22static_444_241203_014559/model_epoch030.pt
2024-12-03 05:55:01,450: The following basins had not enough valid target values to calculate a standard deviation: 18017. NSE loss values for this basin will be NaN.
2024-12-03 05:55:02,498: The following basins had not enough valid target values to calculate a standard deviation: 18018. NSE loss values for this basin will be NaN.
2024-12-03 06:00:04,768: Stored metrics at runs/663_espinoza22_lstm_multi_3dyn22static_444_241203_014559/test/model_epoch030/test_metrics_seed444.csv
2024-12-03 06:00:05,024: Stored results at runs/663_espinoza22_lstm_multi_3dyn22static_444_241203_014559/test/model_epoch030/test_results.p
