2024-11-28 08:32:00,285: Logging to /home/ame805/neuralhydrology_fork/camels_spat_scripts/experiment_scripts/runs/671_feng22_lstm_multi_111_241128_083200/output.log initialized.
2024-11-28 08:32:00,285: ### Folder structure created at /home/ame805/neuralhydrology_fork/camels_spat_scripts/experiment_scripts/runs/671_feng22_lstm_multi_111_241128_083200
2024-11-28 08:32:00,285: ### Run configurations for 671_feng22_lstm_multi_111
2024-11-28 08:32:00,285: batch_size: 256
2024-11-28 08:32:00,285: clip_gradient_norm: 1
2024-11-28 08:32:00,285: clip_targets_to_zero: ['QObs(mm/d)']
2024-11-28 08:32:00,285: data_dir: ../../../../../gladwell/hydrology/SUMMA/summa-ml-models/CAMELS_US
2024-11-28 08:32:00,285: dataset: camels_us
2024-11-28 08:32:00,285: device: cuda:0
2024-11-28 08:32:00,285: dynamic_inputs: ['prcp(mm/day)', 'tmin(C)', 'tmax(C)', 'srad(W/m2)', 'vp(Pa)']
2024-11-28 08:32:00,285: epochs: 30
2024-11-28 08:32:00,285: experiment_name: 671_feng22_lstm_multi_111
2024-11-28 08:32:00,285: forcings: daymet
2024-11-28 08:32:00,285: head: regression
2024-11-28 08:32:00,285: hidden_size: [256]
2024-11-28 08:32:00,285: initial_forget_bias: 5
2024-11-28 08:32:00,285: learning_rate: {0: 0.001, 11: 0.0005, 21: 1e-05}
2024-11-28 08:32:00,285: log_interval: 5
2024-11-28 08:32:00,285: log_n_figures: 2
2024-11-28 08:32:00,285: log_tensorboard: True
2024-11-28 08:32:00,285: loss: NSE
2024-11-28 08:32:00,285: metrics: ['NSE', 'Alpha-NSE', 'Beta-NSE', 'FHV', 'FMS', 'FLV', 'KGE', 'Beta-KGE', 'Peak-Timing', 'Peak-MAPE', 'Pearson-r']
2024-11-28 08:32:00,285: model: cudalstm
2024-11-28 08:32:00,285: num_workers: 16
2024-11-28 08:32:00,286: optimizer: Adam
2024-11-28 08:32:00,286: output_activation: linear
2024-11-28 08:32:00,286: output_dropout: 0.4
2024-11-28 08:32:00,286: predict_last_n: 1
2024-11-28 08:32:00,286: save_weights_every: 5
2024-11-28 08:32:00,286: seed: 111
2024-11-28 08:32:00,286: seq_length: 270
2024-11-28 08:32:00,286: static_attributes: ['elev_mean', 'slope_mean', 'area_gages2', 'frac_forest', 'lai_max', 'lai_diff', 'gvf_max', 'gvf_diff', 'soil_depth_pelletier', 'soil_depth_statsgo', 'soil_porosity', 'soil_conductivity', 'max_water_content', 'sand_frac', 'silt_frac', 'clay_frac', 'carbonate_rocks_frac', 'geol_permeability', 'p_mean', 'pet_mean', 'aridity', 'frac_snow', 'high_prec_freq', 'high_prec_dur', 'low_prec_freq', 'low_prec_dur', 'p_seasonality']
2024-11-28 08:32:00,286: target_variables: ['QObs(mm/d)']
2024-11-28 08:32:00,286: test_basin_file: 671_basin_file.txt
2024-11-28 08:32:00,286: test_end_date: 2010-09-30 00:00:00
2024-11-28 08:32:00,286: test_start_date: 1995-10-01 00:00:00
2024-11-28 08:32:00,286: train_basin_file: 671_basin_file.txt
2024-11-28 08:32:00,286: train_end_date: 1995-09-30 00:00:00
2024-11-28 08:32:00,286: train_start_date: 1980-10-01 00:00:00
2024-11-28 08:32:00,286: validate_every: 5
2024-11-28 08:32:00,286: validate_n_random_basins: 5
2024-11-28 08:32:00,286: validation_basin_file: 671_basin_file.txt
2024-11-28 08:32:00,286: validation_end_date: 2010-09-30 00:00:00
2024-11-28 08:32:00,286: validation_start_date: 1995-10-01 00:00:00
2024-11-28 08:32:00,286: number_of_basins: 671
2024-11-28 08:32:00,286: run_dir: /home/ame805/neuralhydrology_fork/camels_spat_scripts/experiment_scripts/runs/671_feng22_lstm_multi_111_241128_083200
2024-11-28 08:32:00,286: train_dir: /home/ame805/neuralhydrology_fork/camels_spat_scripts/experiment_scripts/runs/671_feng22_lstm_multi_111_241128_083200/train_data
2024-11-28 08:32:00,286: img_log_dir: /home/ame805/neuralhydrology_fork/camels_spat_scripts/experiment_scripts/runs/671_feng22_lstm_multi_111_241128_083200/img_log
2024-11-28 08:32:00,312: ### Device cuda:0 will be used for training
2024-11-28 08:32:00,646: Loading basin data into xarray data set.
2024-11-28 08:32:59,807: Calculating target variable stds per basin
2024-11-28 08:33:00,716: Create lookup table and convert to pytorch tensor
2024-11-28 08:41:04,534: Epoch 1 average loss: avg_loss: 0.03387, avg_total_loss: 0.03387
2024-11-28 08:48:41,272: Epoch 2 average loss: avg_loss: 0.02306, avg_total_loss: 0.02306
2024-11-28 08:56:21,976: Epoch 3 average loss: avg_loss: 0.02081, avg_total_loss: 0.02081
2024-11-28 09:04:09,254: Epoch 4 average loss: avg_loss: 0.01972, avg_total_loss: 0.01972
2024-11-28 09:11:51,820: Epoch 5 average loss: avg_loss: 0.01869, avg_total_loss: 0.01869
2024-11-28 09:11:55,390: Epoch 5 average validation loss: 0.02574 -- Median validation metrics: avg_loss: 0.02574, NSE: 0.69710, Alpha-NSE: 0.79140, Beta-NSE: 0.00133, FHV: -19.57234, FMS: 0.06427, FLV: 25.35100, KGE: 0.55867, Beta-KGE: 1.02516, Peak-Timing: 0.32258, Peak-MAPE: 40.54029, Pearson-r: 0.87224
2024-11-28 09:19:39,173: Epoch 6 average loss: avg_loss: 0.01871, avg_total_loss: 0.01871
2024-11-28 09:27:27,490: Epoch 7 average loss: avg_loss: 0.01765, avg_total_loss: 0.01765
2024-11-28 09:35:10,537: Epoch 8 average loss: avg_loss: 0.01733, avg_total_loss: 0.01733
2024-11-28 09:42:47,199: Epoch 9 average loss: avg_loss: 0.01677, avg_total_loss: 0.01677
2024-11-28 09:50:28,507: Epoch 10 average loss: avg_loss: 0.01614, avg_total_loss: 0.01614
2024-11-28 09:50:32,541: Epoch 10 average validation loss: 0.02612 -- Median validation metrics: avg_loss: 0.02612, NSE: 0.71829, Alpha-NSE: 0.82837, Beta-NSE: -0.03112, FHV: -15.50883, FMS: -14.05606, FLV: 35.19980, KGE: 0.76221, Beta-KGE: 0.95377, Peak-Timing: 0.40625, Peak-MAPE: 42.84014, Pearson-r: 0.84910
2024-11-28 09:50:32,541: Setting learning rate to 0.0005
2024-11-28 09:58:18,248: Epoch 11 average loss: avg_loss: 0.01449, avg_total_loss: 0.01449
2024-11-28 10:05:57,065: Epoch 12 average loss: avg_loss: 0.01397, avg_total_loss: 0.01397
2024-11-28 10:13:34,845: Epoch 13 average loss: avg_loss: 0.01377, avg_total_loss: 0.01377
2024-11-28 10:21:14,054: Epoch 14 average loss: avg_loss: 0.01339, avg_total_loss: 0.01339
2024-11-28 10:29:01,114: Epoch 15 average loss: avg_loss: 0.01305, avg_total_loss: 0.01305
2024-11-28 10:29:04,960: Epoch 15 average validation loss: 0.02557 -- Median validation metrics: avg_loss: 0.02557, NSE: 0.61282, Alpha-NSE: 1.00529, Beta-NSE: 0.01449, FHV: -4.03293, FMS: -5.02563, FLV: -174.52845, KGE: 0.64570, Beta-KGE: 1.06089, Peak-Timing: 0.51852, Peak-MAPE: 43.06750, Pearson-r: 0.83735
2024-11-28 10:36:51,231: Epoch 16 average loss: avg_loss: 0.01297, avg_total_loss: 0.01297
2024-11-28 10:44:29,894: Epoch 17 average loss: avg_loss: 0.01276, avg_total_loss: 0.01276
2024-11-28 10:52:05,673: Epoch 18 average loss: avg_loss: 0.01249, avg_total_loss: 0.01249
2024-11-28 10:59:41,726: Epoch 19 average loss: avg_loss: 0.01226, avg_total_loss: 0.01226
2024-11-28 11:07:25,156: Epoch 20 average loss: avg_loss: 0.01203, avg_total_loss: 0.01203
2024-11-28 11:07:29,092: Epoch 20 average validation loss: 0.01898 -- Median validation metrics: avg_loss: 0.01898, NSE: 0.71219, Alpha-NSE: 0.88479, Beta-NSE: 0.05256, FHV: -5.83931, FMS: -30.49807, FLV: 51.39695, KGE: 0.76577, Beta-KGE: 1.14130, Peak-Timing: 0.28571, Peak-MAPE: 41.82441, Pearson-r: 0.85368
2024-11-28 11:07:29,092: Setting learning rate to 1e-05
2024-11-28 11:15:10,261: Epoch 21 average loss: avg_loss: 0.01112, avg_total_loss: 0.01112
2024-11-28 11:22:48,072: Epoch 22 average loss: avg_loss: 0.01076, avg_total_loss: 0.01076
2024-11-28 11:30:32,597: Epoch 23 average loss: avg_loss: 0.01054, avg_total_loss: 0.01054
2024-11-28 11:38:11,854: Epoch 24 average loss: avg_loss: 0.01049, avg_total_loss: 0.01049
2024-11-28 11:45:54,487: Epoch 25 average loss: avg_loss: 0.01038, avg_total_loss: 0.01038
2024-11-28 11:45:58,192: Epoch 25 average validation loss: 0.01803 -- Median validation metrics: avg_loss: 0.01803, NSE: 0.78953, Alpha-NSE: 0.88808, Beta-NSE: 0.02326, FHV: -11.46933, FMS: -22.11943, FLV: 21.00334, KGE: 0.82350, Beta-KGE: 1.05290, Peak-Timing: 0.30769, Peak-MAPE: 40.38576, Pearson-r: 0.89059
2024-11-28 11:53:38,619: Epoch 26 average loss: avg_loss: 0.01039, avg_total_loss: 0.01039
2024-11-28 12:01:04,870: Epoch 27 average loss: avg_loss: 0.01032, avg_total_loss: 0.01032
2024-11-28 12:08:45,422: Epoch 28 average loss: avg_loss: 0.01029, avg_total_loss: 0.01029
2024-11-28 12:16:28,347: Epoch 29 average loss: avg_loss: 0.01022, avg_total_loss: 0.01022
2024-11-28 12:24:06,879: Epoch 30 average loss: avg_loss: 0.01017, avg_total_loss: 0.01017
2024-11-28 12:24:09,988: Epoch 30 average validation loss: 0.02120 -- Median validation metrics: avg_loss: 0.02120, NSE: 0.78379, Alpha-NSE: 0.90076, Beta-NSE: 0.00249, FHV: -10.11343, FMS: -9.91534, FLV: 13.11039, KGE: 0.85558, Beta-KGE: 1.00381, Peak-Timing: 0.38710, Peak-MAPE: 34.97186, Pearson-r: 0.89718
2024-11-28 12:24:10,792: Using the model weights from runs/671_feng22_lstm_multi_111_241128_083200/model_epoch030.pt
2024-11-28 12:30:17,174: Stored metrics at runs/671_feng22_lstm_multi_111_241128_083200/test/model_epoch030/test_metrics_seed111.csv
2024-11-28 12:30:17,443: Stored results at runs/671_feng22_lstm_multi_111_241128_083200/test/model_epoch030/test_results.p
2024-11-28 12:30:17,461: Logging to /home/ame805/neuralhydrology_fork/camels_spat_scripts/experiment_scripts/runs/671_feng22_lstm_multi_222_241128_123017/output.log initialized.
2024-11-28 12:30:17,461: ### Folder structure created at /home/ame805/neuralhydrology_fork/camels_spat_scripts/experiment_scripts/runs/671_feng22_lstm_multi_222_241128_123017
2024-11-28 12:30:17,461: ### Run configurations for 671_feng22_lstm_multi_222
2024-11-28 12:30:17,461: batch_size: 256
2024-11-28 12:30:17,462: clip_gradient_norm: 1
2024-11-28 12:30:17,462: clip_targets_to_zero: ['QObs(mm/d)']
2024-11-28 12:30:17,462: data_dir: ../../../../../gladwell/hydrology/SUMMA/summa-ml-models/CAMELS_US
2024-11-28 12:30:17,462: dataset: camels_us
2024-11-28 12:30:17,462: device: cuda:0
2024-11-28 12:30:17,462: dynamic_inputs: ['prcp(mm/day)', 'tmin(C)', 'tmax(C)', 'srad(W/m2)', 'vp(Pa)']
2024-11-28 12:30:17,462: epochs: 30
2024-11-28 12:30:17,462: experiment_name: 671_feng22_lstm_multi_222
2024-11-28 12:30:17,462: forcings: daymet
2024-11-28 12:30:17,462: head: regression
2024-11-28 12:30:17,462: hidden_size: [256]
2024-11-28 12:30:17,462: initial_forget_bias: 5
2024-11-28 12:30:17,462: learning_rate: {0: 0.001, 11: 0.0005, 21: 1e-05}
2024-11-28 12:30:17,462: log_interval: 5
2024-11-28 12:30:17,462: log_n_figures: 2
2024-11-28 12:30:17,462: log_tensorboard: True
2024-11-28 12:30:17,462: loss: NSE
2024-11-28 12:30:17,462: metrics: ['NSE', 'Alpha-NSE', 'Beta-NSE', 'FHV', 'FMS', 'FLV', 'KGE', 'Beta-KGE', 'Peak-Timing', 'Peak-MAPE', 'Pearson-r']
2024-11-28 12:30:17,462: model: cudalstm
2024-11-28 12:30:17,462: num_workers: 16
2024-11-28 12:30:17,462: optimizer: Adam
2024-11-28 12:30:17,462: output_activation: linear
2024-11-28 12:30:17,462: output_dropout: 0.4
2024-11-28 12:30:17,462: predict_last_n: 1
2024-11-28 12:30:17,462: save_weights_every: 5
2024-11-28 12:30:17,462: seed: 222
2024-11-28 12:30:17,462: seq_length: 270
2024-11-28 12:30:17,462: static_attributes: ['elev_mean', 'slope_mean', 'area_gages2', 'frac_forest', 'lai_max', 'lai_diff', 'gvf_max', 'gvf_diff', 'soil_depth_pelletier', 'soil_depth_statsgo', 'soil_porosity', 'soil_conductivity', 'max_water_content', 'sand_frac', 'silt_frac', 'clay_frac', 'carbonate_rocks_frac', 'geol_permeability', 'p_mean', 'pet_mean', 'aridity', 'frac_snow', 'high_prec_freq', 'high_prec_dur', 'low_prec_freq', 'low_prec_dur', 'p_seasonality']
2024-11-28 12:30:17,462: target_variables: ['QObs(mm/d)']
2024-11-28 12:30:17,462: test_basin_file: 671_basin_file.txt
2024-11-28 12:30:17,462: test_end_date: 2010-09-30 00:00:00
2024-11-28 12:30:17,463: test_start_date: 1995-10-01 00:00:00
2024-11-28 12:30:17,463: train_basin_file: 671_basin_file.txt
2024-11-28 12:30:17,463: train_end_date: 1995-09-30 00:00:00
2024-11-28 12:30:17,463: train_start_date: 1980-10-01 00:00:00
2024-11-28 12:30:17,463: validate_every: 5
2024-11-28 12:30:17,463: validate_n_random_basins: 5
2024-11-28 12:30:17,463: validation_basin_file: 671_basin_file.txt
2024-11-28 12:30:17,463: validation_end_date: 2010-09-30 00:00:00
2024-11-28 12:30:17,463: validation_start_date: 1995-10-01 00:00:00
2024-11-28 12:30:17,463: number_of_basins: 671
2024-11-28 12:30:17,463: run_dir: /home/ame805/neuralhydrology_fork/camels_spat_scripts/experiment_scripts/runs/671_feng22_lstm_multi_222_241128_123017
2024-11-28 12:30:17,463: train_dir: /home/ame805/neuralhydrology_fork/camels_spat_scripts/experiment_scripts/runs/671_feng22_lstm_multi_222_241128_123017/train_data
2024-11-28 12:30:17,463: img_log_dir: /home/ame805/neuralhydrology_fork/camels_spat_scripts/experiment_scripts/runs/671_feng22_lstm_multi_222_241128_123017/img_log
2024-11-28 12:30:17,463: ### Device cuda:0 will be used for training
2024-11-28 12:30:17,772: Loading basin data into xarray data set.
2024-11-28 12:31:02,873: Calculating target variable stds per basin
2024-11-28 12:31:03,672: Create lookup table and convert to pytorch tensor
2024-11-28 12:39:08,551: Epoch 1 average loss: avg_loss: 0.03297, avg_total_loss: 0.03297
2024-11-28 12:46:54,435: Epoch 2 average loss: avg_loss: 0.02359, avg_total_loss: 0.02359
2024-11-28 12:54:39,014: Epoch 3 average loss: avg_loss: 0.02087, avg_total_loss: 0.02087
2024-11-28 13:02:20,817: Epoch 4 average loss: avg_loss: 0.01959, avg_total_loss: 0.01959
2024-11-28 13:10:03,103: Epoch 5 average loss: avg_loss: 0.01863, avg_total_loss: 0.01863
2024-11-28 13:10:06,900: Epoch 5 average validation loss: 0.02779 -- Median validation metrics: avg_loss: 0.02779, NSE: 0.56895, Alpha-NSE: 0.90577, Beta-NSE: 0.13311, FHV: -6.59938, FMS: -50.25484, FLV: -23.31536, KGE: 0.63813, Beta-KGE: 1.31706, Peak-Timing: 0.40000, Peak-MAPE: 43.28025, Pearson-r: 0.77571
2024-11-28 13:17:45,067: Epoch 6 average loss: avg_loss: 0.01913, avg_total_loss: 0.01913
2024-11-28 13:25:27,467: Epoch 7 average loss: avg_loss: 0.01744, avg_total_loss: 0.01744
2024-11-28 13:33:09,715: Epoch 8 average loss: avg_loss: 0.01715, avg_total_loss: 0.01715
2024-11-28 13:40:48,042: Epoch 9 average loss: avg_loss: 0.01661, avg_total_loss: 0.01661
2024-11-28 13:48:30,877: Epoch 10 average loss: avg_loss: 0.01628, avg_total_loss: 0.01628
2024-11-28 13:48:34,734: Epoch 10 average validation loss: 0.01398 -- Median validation metrics: avg_loss: 0.01398, NSE: 0.81793, Alpha-NSE: 0.79496, Beta-NSE: -0.02429, FHV: -21.27754, FMS: -12.08534, FLV: -20.44403, KGE: 0.75138, Beta-KGE: 0.93402, Peak-Timing: 0.52941, Peak-MAPE: 39.41060, Pearson-r: 0.91396
2024-11-28 13:48:34,734: Setting learning rate to 0.0005
2024-11-28 13:56:15,391: Epoch 11 average loss: avg_loss: 0.01436, avg_total_loss: 0.01436
2024-11-28 14:03:55,336: Epoch 12 average loss: avg_loss: 0.01487, avg_total_loss: 0.01487
2024-11-28 14:11:35,915: Epoch 13 average loss: avg_loss: 0.01352, avg_total_loss: 0.01352
2024-11-28 14:19:10,516: Epoch 14 average loss: avg_loss: 0.01317, avg_total_loss: 0.01317
2024-11-28 14:26:53,366: Epoch 15 average loss: avg_loss: 0.01301, avg_total_loss: 0.01301
2024-11-28 14:26:57,137: Epoch 15 average validation loss: 0.02358 -- Median validation metrics: avg_loss: 0.02358, NSE: 0.71521, Alpha-NSE: 0.96777, Beta-NSE: -0.00193, FHV: -4.01677, FMS: -14.23253, FLV: -24.21572, KGE: 0.83668, Beta-KGE: 0.99414, Peak-Timing: 0.45714, Peak-MAPE: 48.99691, Pearson-r: 0.85565
2024-11-28 14:34:40,406: Epoch 16 average loss: avg_loss: 0.01275, avg_total_loss: 0.01275
2024-11-28 14:42:22,934: Epoch 17 average loss: avg_loss: 0.01251, avg_total_loss: 0.01251
2024-11-28 14:50:12,431: Epoch 18 average loss: avg_loss: 0.01239, avg_total_loss: 0.01239
2024-11-28 14:58:02,725: Epoch 19 average loss: avg_loss: 0.01227, avg_total_loss: 0.01227
2024-11-28 15:05:43,503: Epoch 20 average loss: avg_loss: 0.01199, avg_total_loss: 0.01199
2024-11-28 15:05:47,188: Epoch 20 average validation loss: 0.02261 -- Median validation metrics: avg_loss: 0.02261, NSE: 0.63356, Alpha-NSE: 0.84312, Beta-NSE: -0.03647, FHV: -14.12423, FMS: -12.69073, FLV: 27.68323, KGE: 0.58879, Beta-KGE: 0.92167, Peak-Timing: 0.27778, Peak-MAPE: 41.59648, Pearson-r: 0.84454
2024-11-28 15:05:47,188: Setting learning rate to 1e-05
2024-11-28 15:13:28,477: Epoch 21 average loss: avg_loss: 0.01102, avg_total_loss: 0.01102
2024-11-28 15:20:57,134: Epoch 22 average loss: avg_loss: 0.01065, avg_total_loss: 0.01065
2024-11-28 15:28:27,502: Epoch 23 average loss: avg_loss: 0.01045, avg_total_loss: 0.01045
2024-11-28 15:36:07,593: Epoch 24 average loss: avg_loss: 0.01031, avg_total_loss: 0.01031
2024-11-28 15:43:50,714: Epoch 25 average loss: avg_loss: 0.01029, avg_total_loss: 0.01029
2024-11-28 15:43:54,460: Epoch 25 average validation loss: 0.05751 -- Median validation metrics: avg_loss: 0.05751, NSE: 0.82107, Alpha-NSE: 0.89355, Beta-NSE: -0.00392, FHV: -1.95468, FMS: -3.21398, FLV: -30.60073, KGE: 0.85786, Beta-KGE: 0.99465, Peak-Timing: 0.28125, Peak-MAPE: 31.16397, Pearson-r: 0.90626
2024-11-28 15:51:35,745: Epoch 26 average loss: avg_loss: 0.01021, avg_total_loss: 0.01021
2024-11-28 15:59:08,236: Epoch 27 average loss: avg_loss: 0.01017, avg_total_loss: 0.01017
2024-11-28 16:06:48,989: Epoch 28 average loss: avg_loss: 0.01012, avg_total_loss: 0.01012
2024-11-28 16:14:28,885: Epoch 29 average loss: avg_loss: 0.01008, avg_total_loss: 0.01008
2024-11-28 16:22:07,936: Epoch 30 average loss: avg_loss: 0.01000, avg_total_loss: 0.01000
2024-11-28 16:22:11,100: Epoch 30 average validation loss: 0.02442 -- Median validation metrics: avg_loss: 0.02442, NSE: 0.81464, Alpha-NSE: 1.14255, Beta-NSE: 0.07569, FHV: 12.27062, FMS: -11.27599, FLV: 11.62587, KGE: 0.72363, Beta-KGE: 1.17816, Peak-Timing: 1.00000, Peak-MAPE: 37.52836, Pearson-r: 0.90723
2024-11-28 16:22:11,898: Using the model weights from runs/671_feng22_lstm_multi_222_241128_123017/model_epoch030.pt
2024-11-28 16:28:15,829: Stored metrics at runs/671_feng22_lstm_multi_222_241128_123017/test/model_epoch030/test_metrics_seed222.csv
2024-11-28 16:28:16,096: Stored results at runs/671_feng22_lstm_multi_222_241128_123017/test/model_epoch030/test_results.p
2024-12-08 16:35:45,885: Logging to Aruns_671_feng22_lstm_multi/671_feng22_lstm_multi_111_241128_083200/output.log initialized.
2024-12-08 16:35:46,162: Using the model weights from Aruns_671_feng22_lstm_multi/671_feng22_lstm_multi_111_241128_083200/model_epoch030.pt
2024-12-08 16:43:45,564: Stored metrics at Aruns_671_feng22_lstm_multi/671_feng22_lstm_multi_111_241128_083200/test/model_epoch030/test_metrics_seed111.csv
2024-12-08 16:43:45,915: Stored results at Aruns_671_feng22_lstm_multi/671_feng22_lstm_multi_111_241128_083200/test/model_epoch030/test_results.p
